Archive member included to satisfy reference by file (symbol)

.pio/build/SAFETY_DELAYED_ATTACH_4000MS/libFrameworkNoneOSVariant.a(ch32x035_exti.o)
                              .pio/build/SAFETY_DELAYED_ATTACH_4000MS/src/fan_tach.o (EXTI_Init)
.pio/build/SAFETY_DELAYED_ATTACH_4000MS/libFrameworkNoneOSVariant.a(ch32x035_flash.o)
                              .pio/build/SAFETY_DELAYED_ATTACH_4000MS/src/system_bootloader.o (SystemReset_StartMode)
.pio/build/SAFETY_DELAYED_ATTACH_4000MS/libFrameworkNoneOSVariant.a(ch32x035_gpio.o)
                              .pio/build/SAFETY_DELAYED_ATTACH_4000MS/FrameworkNoneOSDebug/debug.o (GPIO_Init)
.pio/build/SAFETY_DELAYED_ATTACH_4000MS/libFrameworkNoneOSVariant.a(ch32x035_rcc.o)
                              .pio/build/SAFETY_DELAYED_ATTACH_4000MS/src/usb_device.o (RCC_AHBPeriphClockCmd)
.pio/build/SAFETY_DELAYED_ATTACH_4000MS/libFrameworkNoneOSVariant.a(ch32x035_tim.o)
                              .pio/build/SAFETY_DELAYED_ATTACH_4000MS/src/fan_pwm.o (TIM_TimeBaseInit)
.pio/build/SAFETY_DELAYED_ATTACH_4000MS/libFrameworkNoneOSVariant.a(ch32x035_usart.o)
                              .pio/build/SAFETY_DELAYED_ATTACH_4000MS/FrameworkNoneOSDebug/debug.o (USART_Init)
/Users/tangyujie/.platformio/packages/toolchain-riscv/bin/../lib/gcc/riscv-wch-elf/12.2.0/rv32imac_xw/ilp32/libgcc.a(save-restore.o)
                              .pio/build/SAFETY_DELAYED_ATTACH_4000MS/libFrameworkNoneOSVariant.a(ch32x035_flash.o) (__riscv_save_7)
/Users/tangyujie/.platformio/packages/toolchain-riscv/bin/../lib/gcc/riscv-wch-elf/12.2.0/../../../../riscv-wch-elf/lib/rv32imac_xw/ilp32/libg_nano.a(lib_a-memcpy-asm.o)
                              .pio/build/SAFETY_DELAYED_ATTACH_4000MS/src/usb_device.o (memcpy)
/Users/tangyujie/.platformio/packages/toolchain-riscv/bin/../lib/gcc/riscv-wch-elf/12.2.0/../../../../riscv-wch-elf/lib/rv32imac_xw/ilp32/libg_nano.a(lib_a-memset.o)
                              .pio/build/SAFETY_DELAYED_ATTACH_4000MS/src/usb_device.o (memset)

Discarded input sections

 .text          0x0000000000000000        0x0 .pio/build/SAFETY_DELAYED_ATTACH_4000MS/FrameworkNoneOSCore/core_riscv.o
 .data          0x0000000000000000        0x0 .pio/build/SAFETY_DELAYED_ATTACH_4000MS/FrameworkNoneOSCore/core_riscv.o
 .bss           0x0000000000000000        0x0 .pio/build/SAFETY_DELAYED_ATTACH_4000MS/FrameworkNoneOSCore/core_riscv.o
 .text.__get_MSTATUS
                0x0000000000000000        0x6 .pio/build/SAFETY_DELAYED_ATTACH_4000MS/FrameworkNoneOSCore/core_riscv.o
 .text.__set_MSTATUS
                0x0000000000000000        0x6 .pio/build/SAFETY_DELAYED_ATTACH_4000MS/FrameworkNoneOSCore/core_riscv.o
 .text.__get_MISA
                0x0000000000000000        0x6 .pio/build/SAFETY_DELAYED_ATTACH_4000MS/FrameworkNoneOSCore/core_riscv.o
 .text.__set_MISA
                0x0000000000000000        0x6 .pio/build/SAFETY_DELAYED_ATTACH_4000MS/FrameworkNoneOSCore/core_riscv.o
 .text.__get_MTVEC
                0x0000000000000000        0x6 .pio/build/SAFETY_DELAYED_ATTACH_4000MS/FrameworkNoneOSCore/core_riscv.o
 .text.__set_MTVEC
                0x0000000000000000        0x6 .pio/build/SAFETY_DELAYED_ATTACH_4000MS/FrameworkNoneOSCore/core_riscv.o
 .text.__get_MSCRATCH
                0x0000000000000000        0x6 .pio/build/SAFETY_DELAYED_ATTACH_4000MS/FrameworkNoneOSCore/core_riscv.o
 .text.__set_MSCRATCH
                0x0000000000000000        0x6 .pio/build/SAFETY_DELAYED_ATTACH_4000MS/FrameworkNoneOSCore/core_riscv.o
 .text.__get_MEPC
                0x0000000000000000        0x6 .pio/build/SAFETY_DELAYED_ATTACH_4000MS/FrameworkNoneOSCore/core_riscv.o
 .text.__set_MEPC
                0x0000000000000000        0x6 .pio/build/SAFETY_DELAYED_ATTACH_4000MS/FrameworkNoneOSCore/core_riscv.o
 .text.__get_MCAUSE
                0x0000000000000000        0x6 .pio/build/SAFETY_DELAYED_ATTACH_4000MS/FrameworkNoneOSCore/core_riscv.o
 .text.__set_MCAUSE
                0x0000000000000000        0x6 .pio/build/SAFETY_DELAYED_ATTACH_4000MS/FrameworkNoneOSCore/core_riscv.o
 .text.__get_MTVAL
                0x0000000000000000        0x6 .pio/build/SAFETY_DELAYED_ATTACH_4000MS/FrameworkNoneOSCore/core_riscv.o
 .text.__set_MTVAL
                0x0000000000000000        0x6 .pio/build/SAFETY_DELAYED_ATTACH_4000MS/FrameworkNoneOSCore/core_riscv.o
 .text.__get_MVENDORID
                0x0000000000000000        0x6 .pio/build/SAFETY_DELAYED_ATTACH_4000MS/FrameworkNoneOSCore/core_riscv.o
 .text.__get_MARCHID
                0x0000000000000000        0x6 .pio/build/SAFETY_DELAYED_ATTACH_4000MS/FrameworkNoneOSCore/core_riscv.o
 .text.__get_MIMPID
                0x0000000000000000        0x6 .pio/build/SAFETY_DELAYED_ATTACH_4000MS/FrameworkNoneOSCore/core_riscv.o
 .text.__get_MHARTID
                0x0000000000000000        0x6 .pio/build/SAFETY_DELAYED_ATTACH_4000MS/FrameworkNoneOSCore/core_riscv.o
 .text.__get_SP
[...]
Memory Configuration

Name             Origin             Length             Attributes
FLASH            0x0000000000002000 0x000000000000d800 xr
RAM              0x0000000020000000 0x0000000000004ff0 xrw
*default*        0x0000000000000000 0xffffffffffffffff

Linker script and memory map

LOAD .pio/build/SAFETY_DELAYED_ATTACH_4000MS/FrameworkNoneOSCore/core_riscv.o
LOAD .pio/build/SAFETY_DELAYED_ATTACH_4000MS/ProjectStartup/startup_ch32x035.o
LOAD .pio/build/SAFETY_DELAYED_ATTACH_4000MS/FrameworkNoneOSSSystem/system_ch32x035.o
LOAD .pio/build/SAFETY_DELAYED_ATTACH_4000MS/FrameworkNoneOSDebug/debug.o
LOAD .pio/build/SAFETY_DELAYED_ATTACH_4000MS/FrameworkInitFini/cpp_support.o
LOAD .pio/build/SAFETY_DELAYED_ATTACH_4000MS/src/debug_test.o
LOAD .pio/build/SAFETY_DELAYED_ATTACH_4000MS/src/failsafe.o
LOAD .pio/build/SAFETY_DELAYED_ATTACH_4000MS/src/fan_controller.o
LOAD .pio/build/SAFETY_DELAYED_ATTACH_4000MS/src/fan_pwm.o
LOAD .pio/build/SAFETY_DELAYED_ATTACH_4000MS/src/fan_tach.o
LOAD .pio/build/SAFETY_DELAYED_ATTACH_4000MS/src/main.o
LOAD .pio/build/SAFETY_DELAYED_ATTACH_4000MS/src/power_monitor.o
LOAD .pio/build/SAFETY_DELAYED_ATTACH_4000MS/src/system_bootloader.o
LOAD .pio/build/SAFETY_DELAYED_ATTACH_4000MS/src/system_dfu.o
LOAD .pio/build/SAFETY_DELAYED_ATTACH_4000MS/src/system_status.o
LOAD .pio/build/SAFETY_DELAYED_ATTACH_4000MS/src/usb_device.o
LOAD .pio/build/SAFETY_DELAYED_ATTACH_4000MS/src/usb_protocol.o
LOAD .pio/build/SAFETY_DELAYED_ATTACH_4000MS/src/usb_trace.o
START GROUP
LOAD /Users/tangyujie/.platformio/packages/toolchain-riscv/bin/../lib/gcc/riscv-wch-elf/12.2.0/../../../../riscv-wch-elf/lib/rv32imac_xw/ilp32/libm_nano.a
LOAD .pio/build/SAFETY_DELAYED_ATTACH_4000MS/libFrameworkNoneOSVariant.a
END GROUP
LOAD /Users/tangyujie/.platformio/packages/toolchain-riscv/bin/../lib/gcc/riscv-wch-elf/12.2.0/rv32imac_xw/ilp32/libgcc.a
LOAD /Users/tangyujie/.platformio/packages/toolchain-riscv/bin/../lib/gcc/riscv-wch-elf/12.2.0/../../../../riscv-wch-elf/lib/rv32imac_xw/ilp32/libg_nano.a
LOAD /Users/tangyujie/.platformio/packages/toolchain-riscv/bin/../lib/gcc/riscv-wch-elf/12.2.0/../../../../riscv-wch-elf/lib/rv32imac_xw/ilp32/libc_nano.a
LOAD /Users/tangyujie/.platformio/packages/toolchain-riscv/bin/../lib/gcc/riscv-wch-elf/12.2.0/rv32imac_xw/ilp32/libgcc.a
START GROUP
LOAD /Users/tangyujie/.platformio/packages/toolchain-riscv/bin/../lib/gcc/riscv-wch-elf/12.2.0/rv32imac_xw/ilp32/libgcc.a
LOAD /Users/tangyujie/.platformio/packages/toolchain-riscv/bin/../lib/gcc/riscv-wch-elf/12.2.0/../../../../riscv-wch-elf/lib/rv32imac_xw/ilp32/libc_nano.a
LOAD /Users/tangyujie/.platformio/packages/toolchain-riscv/bin/../lib/gcc/riscv-wch-elf/12.2.0/../../../../riscv-wch-elf/lib/rv32imac_xw/ilp32/libnosys.a
END GROUP
START GROUP
LOAD /Users/tangyujie/.platformio/packages/toolchain-riscv/bin/../lib/gcc/riscv-wch-elf/12.2.0/rv32imac_xw/ilp32/libgcc.a
LOAD /Users/tangyujie/.platformio/packages/toolchain-riscv/bin/../lib/gcc/riscv-wch-elf/12.2.0/../../../../riscv-wch-elf/lib/rv32imac_xw/ilp32/libc_nano.a
LOAD /Users/tangyujie/.platformio/packages/toolchain-riscv/bin/../lib/gcc/riscv-wch-elf/12.2.0/../../../../riscv-wch-elf/lib/rv32imac_xw/ilp32/libnosys.a
END GROUP
                0x0000000000000800                __stack_size = 0x800
                [!provide]                        PROVIDE (_stack_size = __stack_size)

.init           0x0000000000002000        0x4
                0x0000000000002000                . = ALIGN (0x4)
 *(SORT_NONE(.init))
 .init          0x0000000000002000        0x4 .pio/build/SAFETY_DELAYED_ATTACH_4000MS/ProjectStartup/startup_ch32x035.o
                0x0000000000002000                _start
                0x0000000000002004                . = ALIGN (0x4)

.vector         0x0000000000002004       0xfc
 *(.vector)
 .vector        0x0000000000002004       0xdc .pio/build/SAFETY_DELAYED_ATTACH_4000MS/ProjectStartup/startup_ch32x035.o
                0x0000000000002100                . = ALIGN (0x40)
 *fill*         0x00000000000020e0       0x20 

.text           0x0000000000002100     0x13d0
                0x0000000000002100                . = ALIGN (0x4)
 *(.text)
 .text          0x0000000000002100       0x60 /Users/tangyujie/.platformio/packages/toolchain-riscv/bin/../lib/gcc/riscv-wch-elf/12.2.0/rv32imac_xw/ilp32/libgcc.a(save-restore.o)
                0x0000000000002100                __riscv_save_12
                0x0000000000002108                __riscv_save_10
                0x0000000000002108                __riscv_save_8
                0x0000000000002108                __riscv_save_11
                0x0000000000002108                __riscv_save_9
                0x0000000000002116                __riscv_save_4
                0x0000000000002116                __riscv_save_7
                0x0000000000002116                __riscv_save_6
                0x0000000000002116                __riscv_save_5
                0x0000000000002130                __riscv_save_3
                0x0000000000002130                __riscv_save_2
                0x0000000000002130                __riscv_save_0
                0x0000000000002130                __riscv_save_1
                0x000000000000213c                __riscv_restore_12
                0x0000000000002140                __riscv_restore_8
                0x0000000000002140                __riscv_restore_10
                0x0000000000002140                __riscv_restore_9
                0x0000000000002140                __riscv_restore_11
                0x000000000000214a                __riscv_restore_5
                0x000000000000214a                __riscv_restore_7
                0x000000000000214a                __riscv_restore_4
                0x000000000000214a                __riscv_restore_6
                0x0000000000002154                __riscv_restore_3
                0x0000000000002154                __riscv_restore_1
                0x0000000000002154                __riscv_restore_0
                0x0000000000002154                __riscv_restore_2
 .text          0x0000000000002160       0x16 /Users/tangyujie/.platformio/packages/toolchain-riscv/bin/../lib/gcc/riscv-wch-elf/12.2.0/../../../../riscv-wch-elf/lib/rv32imac_xw/ilp32/libg_nano.a(lib_a-memcpy-asm.o)
                0x0000000000002160                memcpy
 .text          0x0000000000002176       0x10 /Users/tangyujie/.platformio/packages/toolchain-riscv/bin/../lib/gcc/riscv-wch-elf/12.2.0/../../../../riscv-wch-elf/lib/rv32imac_xw/ilp32/libg_nano.a(lib_a-memset.o)
                0x0000000000002176                memset
 *(.text.*)
 .text.vector_handler
                0x0000000000002186        0x2 .pio/build/SAFETY_DELAYED_ATTACH_4000MS/ProjectStartup/startup_ch32x035.o
                0x0000000000002186                I2C1_ER_IRQHandler
                0x0000000000002186                TIM2_UP_IRQHandler
                0x0000000000002186                USBPD_IRQHandler
                0x0000000000002186                PVD_IRQHandler
                0x0000000000002186                EXTI25_16_IRQHandler
                0x0000000000002186                Break_Point_Handler
                0x0000000000002186                TIM2_TRG_COM_IRQHandler
                0x0000000000002186                TIM2_CC_IRQHandler
                0x0000000000002186                SPI1_IRQHandler
                0x0000000000002186                AWU_IRQHandler
                0x0000000000002186                Ecall_M_Mode_Handler
                0x0000000000002186                DMA1_Channel4_IRQHandler
                0x0000000000002186                ADC1_IRQHandler
                0x0000000000002186                TIM2_BRK_IRQHandler
                0x0000000000002186                USART3_IRQHandler
                0x0000000000002186                DMA1_Channel7_IRQHandler
                0x0000000000002186                USBPDWakeUp_IRQHandler
                0x0000000000002186                EXTI15_8_IRQHandler
                0x0000000000002186                I2C1_EV_IRQHandler
                0x0000000000002186                USART4_IRQHandler
                0x0000000000002186                DMA1_Channel6_IRQHandler
                0x0000000000002186                TIM3_IRQHandler
                0x0000000000002186                TIM1_TRG_COM_IRQHandler
                0x0000000000002186                DMA1_Channel1_IRQHandler
                0x0000000000002186                DMA1_Channel8_IRQHandler
                0x0000000000002186                PIOC_IRQHandler
                0x0000000000002186                DMA1_Channel5_IRQHandler
                0x0000000000002186                DMA1_Channel3_IRQHandler
                0x0000000000002186                TIM1_UP_IRQHandler
                0x0000000000002186                WWDG_IRQHandler
                0x0000000000002186                Ecall_U_Mode_Handler
                0x0000000000002186                SW_Handler
                0x0000000000002186                TIM1_BRK_IRQHandler
                0x0000000000002186                OPA_IRQHandler
                0x0000000000002186                USART2_IRQHandler
                0x0000000000002186                DMA1_Channel2_IRQHandler
                0x0000000000002186                FLASH_IRQHandler
                0x0000000000002186                USBFSWakeUp_IRQHandler
                0x0000000000002186                USART1_IRQHandler
                0x0000000000002186                TIM1_CC_IRQHandler
 .text.handle_reset
                0x0000000000002188       0x86 .pio/build/SAFETY_DELAYED_ATTACH_4000MS/ProjectStartup/startup_ch32x035.o
                0x0000000000002188                handle_reset
 .text.SystemInit
                0x000000000000220e       0x42 .pio/build/SAFETY_DELAYED_ATTACH_4000MS/FrameworkNoneOSSSystem/system_ch32x035.o
                0x000000000000220e                SystemInit
 .text.SystemCoreClockUpdate
                0x0000000000002250       0x3c .pio/build/SAFETY_DELAYED_ATTACH_4000MS/FrameworkNoneOSSSystem/system_ch32x035.o
                0x0000000000002250                SystemCoreClockUpdate
 .text._fini    0x000000000000228c        0x2 .pio/build/SAFETY_DELAYED_ATTACH_4000MS/FrameworkInitFini/cpp_support.o
                0x000000000000228c                _fini
 .text._init    0x000000000000228e        0x2 .pio/build/SAFETY_DELAYED_ATTACH_4000MS/FrameworkInitFini/cpp_support.o
                0x000000000000228e                _init
 .text.debug_test_init
                0x0000000000002290        0x2 .pio/build/SAFETY_DELAYED_ATTACH_4000MS/src/debug_test.o
                0x0000000000002290                debug_test_init
 .text.debug_test_update
                0x0000000000002292        0x2 .pio/build/SAFETY_DELAYED_ATTACH_4000MS/src/debug_test.o
                0x0000000000002292                debug_test_update
 .text.failsafe_host_activity
                0x0000000000002294       0x32 .pio/build/SAFETY_DELAYED_ATTACH_4000MS/src/failsafe.o
                0x0000000000002294                failsafe_host_activity
 .text.failsafe_update
                0x00000000000022c6       0x48 .pio/build/SAFETY_DELAYED_ATTACH_4000MS/src/failsafe.o
                0x00000000000022c6                failsafe_update
 .text.failsafe_is_active
                0x000000000000230e        0x6 .pio/build/SAFETY_DELAYED_ATTACH_4000MS/src/failsafe.o
                0x000000000000230e                failsafe_is_active
 .text.failsafe_get_state
                0x0000000000002314        0x6 .pio/build/SAFETY_DELAYED_ATTACH_4000MS/src/failsafe.o
                0x0000000000002314                failsafe_get_state
 .text.failsafe_set_duty
                0x000000000000231a       0x2c .pio/build/SAFETY_DELAYED_ATTACH_4000MS/src/failsafe.o
                0x000000000000231a                failsafe_set_duty
 .text.failsafe_init
                0x0000000000002346       0x1e .pio/build/SAFETY_DELAYED_ATTACH_4000MS/src/failsafe.o
                0x0000000000002346                failsafe_init
 .text.fan_controller_init
                0x0000000000002364       0x16 .pio/build/SAFETY_DELAYED_ATTACH_4000MS/src/fan_controller.o
                0x0000000000002364                fan_controller_init
 .text.fan_controller_update
                0x000000000000237a        0x2 .pio/build/SAFETY_DELAYED_ATTACH_4000MS/src/fan_controller.o
                0x000000000000237a                fan_controller_update
 .text.fan_controller_set_duty
                0x000000000000237c       0x1c .pio/build/SAFETY_DELAYED_ATTACH_4000MS/src/fan_controller.o
                0x000000000000237c                fan_controller_set_duty
 .text.fan_controller_get_duty
                0x0000000000002398        0x2 .pio/build/SAFETY_DELAYED_ATTACH_4000MS/src/fan_controller.o
                0x0000000000002398                fan_controller_get_duty
 .text.fan_controller_get_rpm
                0x000000000000239a        0x2 .pio/build/SAFETY_DELAYED_ATTACH_4000MS/src/fan_controller.o
                0x000000000000239a                fan_controller_get_rpm
 .text.fan_controller_enable
                0x000000000000239c        0x8 .pio/build/SAFETY_DELAYED_ATTACH_4000MS/src/fan_controller.o
                0x000000000000239c                fan_controller_enable
 .text.fan_controller_disable
                0x00000000000023a4        0x8 .pio/build/SAFETY_DELAYED_ATTACH_4000MS/src/fan_controller.o
                0x00000000000023a4                fan_controller_disable
 .text.fan_controller_is_enabled
                0x00000000000023ac        0xa .pio/build/SAFETY_DELAYED_ATTACH_4000MS/src/fan_controller.o
                0x00000000000023ac                fan_controller_is_enabled
 .text.fan_controller_set_mode
                0x00000000000023b6       0x16 .pio/build/SAFETY_DELAYED_ATTACH_4000MS/src/fan_controller.o
                0x00000000000023b6                fan_controller_set_mode
 .text.fan_controller_get_mode
                0x00000000000023cc        0x6 .pio/build/SAFETY_DELAYED_ATTACH_4000MS/src/fan_controller.o
                0x00000000000023cc                fan_controller_get_mode
 .text.fan_controller_set_curve
                0x00000000000023d2       0x36 .pio/build/SAFETY_DELAYED_ATTACH_4000MS/src/fan_controller.o
                0x00000000000023d2                fan_controller_set_curve
 .text.fan_pwm_set_duty
                0x0000000000002408       0x3c .pio/build/SAFETY_DELAYED_ATTACH_4000MS/src/fan_pwm.o
                0x0000000000002408                fan_pwm_set_duty
 .text.fan_pwm_init
                0x0000000000002444       0xb8 .pio/build/SAFETY_DELAYED_ATTACH_4000MS/src/fan_pwm.o
                0x0000000000002444                fan_pwm_init
 .text.fan_pwm_get_duty
                0x00000000000024fc        0x6 .pio/build/SAFETY_DELAYED_ATTACH_4000MS/src/fan_pwm.o
                0x00000000000024fc                fan_pwm_get_duty
 .text.EXTI7_0_IRQHandler
                0x0000000000002502       0x1c .pio/build/SAFETY_DELAYED_ATTACH_4000MS/src/fan_tach.o
                0x0000000000002502                EXTI7_0_IRQHandler
 .text.fan_tach_init
                0x000000000000251e       0x66 .pio/build/SAFETY_DELAYED_ATTACH_4000MS/src/fan_tach.o
                0x000000000000251e                fan_tach_init
 .text.fan_tach_update
                0x0000000000002584       0x44 .pio/build/SAFETY_DELAYED_ATTACH_4000MS/src/fan_tach.o
                0x0000000000002584                fan_tach_update
 .text.fan_tach_get_rpm
                0x00000000000025c8        0x6 .pio/build/SAFETY_DELAYED_ATTACH_4000MS/src/fan_tach.o
                0x00000000000025c8                fan_tach_get_rpm
 .text.startup.main
                0x00000000000025ce       0x2a .pio/build/SAFETY_DELAYED_ATTACH_4000MS/src/main.o
                0x00000000000025ce                main
 .text.NMI_Handler
                0x00000000000025f8        0x4 .pio/build/SAFETY_DELAYED_ATTACH_4000MS/src/main.o
                0x00000000000025f8                NMI_Handler
 .text.HardFault_Handler
                0x00000000000025fc        0x2 .pio/build/SAFETY_DELAYED_ATTACH_4000MS/src/main.o
                0x00000000000025fc                HardFault_Handler
 .text.power_monitor_init
                0x00000000000025fe        0x6 .pio/build/SAFETY_DELAYED_ATTACH_4000MS/src/power_monitor.o
                0x00000000000025fe                power_monitor_init
 .text.power_monitor_update
                0x0000000000002604        0x2 .pio/build/SAFETY_DELAYED_ATTACH_4000MS/src/power_monitor.o
                0x0000000000002604                power_monitor_update
 .text.power_monitor_has_fault
                0x0000000000002606        0x6 .pio/build/SAFETY_DELAYED_ATTACH_4000MS/src/power_monitor.o
                0x0000000000002606                power_monitor_has_fault
 .text.system_request_dfu
                0x000000000000260c       0x30 .pio/build/SAFETY_DELAYED_ATTACH_4000MS/src/system_dfu.o
                0x000000000000260c                system_request_dfu
 .text.system_millis
                0x000000000000263c        0x6 .pio/build/SAFETY_DELAYED_ATTACH_4000MS/src/system_status.o
                0x000000000000263c                system_millis
 .text.SysTick_Handler
                0x0000000000002642       0x16 .pio/build/SAFETY_DELAYED_ATTACH_4000MS/src/system_status.o
                0x0000000000002642                SysTick_Handler
 .text.system_status_init
                0x0000000000002658       0x4c .pio/build/SAFETY_DELAYED_ATTACH_4000MS/src/system_status.o
                0x0000000000002658                system_status_init
 .text.system_status_update
                0x00000000000026a4       0x40 .pio/build/SAFETY_DELAYED_ATTACH_4000MS/src/system_status.o
                0x00000000000026a4                system_status_update
 .text.system_status_get
                0x00000000000026e4        0x6 .pio/build/SAFETY_DELAYED_ATTACH_4000MS/src/system_status.o
                0x00000000000026e4                system_status_get
 .text.string_descriptor
                0x00000000000026ea       0x5a .pio/build/SAFETY_DELAYED_ATTACH_4000MS/src/usb_device.o
 .text.endpoint_init
                0x0000000000002744       0x34 .pio/build/SAFETY_DELAYED_ATTACH_4000MS/src/usb_device.o
 .text.USBFS_IRQHandler
                0x0000000000002778      0x400 .pio/build/SAFETY_DELAYED_ATTACH_4000MS/src/usb_device.o
                0x0000000000002778                USBFS_IRQHandler
 .text.usb_device_init
                0x0000000000002b78       0xd0 .pio/build/SAFETY_DELAYED_ATTACH_4000MS/src/usb_device.o
                0x0000000000002b78                usb_device_init
 .text.usb_enum_trace_task
                0x0000000000002c48        0x2 .pio/build/SAFETY_DELAYED_ATTACH_4000MS/src/usb_device.o
                0x0000000000002c48                usb_enum_trace_task
 .text.usb_device_send_report
                0x0000000000002c4a       0x64 .pio/build/SAFETY_DELAYED_ATTACH_4000MS/src/usb_device.o
                0x0000000000002c4a                usb_device_send_report
 .text.usb_device_receive_report
                0x0000000000002cae       0x3a .pio/build/SAFETY_DELAYED_ATTACH_4000MS/src/usb_device.o
                0x0000000000002cae                usb_device_receive_report
 .text.usb_device_task
                0x0000000000002ce8       0x58 .pio/build/SAFETY_DELAYED_ATTACH_4000MS/src/usb_device.o
                0x0000000000002ce8                usb_device_task
 .text.usb_device_is_configured
                0x0000000000002d40        0x6 .pio/build/SAFETY_DELAYED_ATTACH_4000MS/src/usb_device.o
                0x0000000000002d40                usb_device_is_configured
 .text.set_duty_command
                0x0000000000002d46       0x40 .pio/build/SAFETY_DELAYED_ATTACH_4000MS/src/usb_protocol.o
 .text.usb_protocol_init
                0x0000000000002d86        0x6 .pio/build/SAFETY_DELAYED_ATTACH_4000MS/src/usb_protocol.o
                0x0000000000002d86                usb_protocol_init
 .text.usb_protocol_process
                0x0000000000002d8c      0x274 .pio/build/SAFETY_DELAYED_ATTACH_4000MS/src/usb_protocol.o
                0x0000000000002d8c                usb_protocol_process
 .text.usb_protocol_dfu_pending
                0x0000000000003000        0x6 .pio/build/SAFETY_DELAYED_ATTACH_4000MS/src/usb_protocol.o
                0x0000000000003000                usb_protocol_dfu_pending
 .text.EXTI_Init
                0x0000000000003006       0x62 .pio/build/SAFETY_DELAYED_ATTACH_4000MS/libFrameworkNoneOSVariant.a(ch32x035_exti.o)
                0x0000000000003006                EXTI_Init
 .text.EXTI_GetITStatus
                0x0000000000003068       0x1a .pio/build/SAFETY_DELAYED_ATTACH_4000MS/libFrameworkNoneOSVariant.a(ch32x035_exti.o)
                0x0000000000003068                EXTI_GetITStatus
 .text.EXTI_ClearITPendingBit
                0x0000000000003082        0xc .pio/build/SAFETY_DELAYED_ATTACH_4000MS/libFrameworkNoneOSVariant.a(ch32x035_exti.o)
                0x0000000000003082                EXTI_ClearITPendingBit
 .text.GPIO_Init
                0x000000000000308e      0x18c .pio/build/SAFETY_DELAYED_ATTACH_4000MS/libFrameworkNoneOSVariant.a(ch32x035_gpio.o)
                0x000000000000308e                GPIO_Init
 .text.GPIO_EXTILineConfig
                0x000000000000321a       0x2c .pio/build/SAFETY_DELAYED_ATTACH_4000MS/libFrameworkNoneOSVariant.a(ch32x035_gpio.o)
                0x000000000000321a                GPIO_EXTILineConfig
 .text.RCC_AHBPeriphClockCmd
                0x0000000000003246       0x1e .pio/build/SAFETY_DELAYED_ATTACH_4000MS/libFrameworkNoneOSVariant.a(ch32x035_rcc.o)
                0x0000000000003246                RCC_AHBPeriphClockCmd
 .text.RCC_APB2PeriphClockCmd
                0x0000000000003264       0x1e .pio/build/SAFETY_DELAYED_ATTACH_4000MS/libFrameworkNoneOSVariant.a(ch32x035_rcc.o)
                0x0000000000003264                RCC_APB2PeriphClockCmd
 .text.RCC_APB1PeriphClockCmd
                0x0000000000003282       0x1e .pio/build/SAFETY_DELAYED_ATTACH_4000MS/libFrameworkNoneOSVariant.a(ch32x035_rcc.o)
                0x0000000000003282                RCC_APB1PeriphClockCmd
 .text.TIM_TimeBaseInit
                0x00000000000032a0       0x56 .pio/build/SAFETY_DELAYED_ATTACH_4000MS/libFrameworkNoneOSVariant.a(ch32x035_tim.o)
                0x00000000000032a0                TIM_TimeBaseInit
 .text.TIM_OC1Init
                0x00000000000032f6       0x72 .pio/build/SAFETY_DELAYED_ATTACH_4000MS/libFrameworkNoneOSVariant.a(ch32x035_tim.o)
                0x00000000000032f6                TIM_OC1Init
 .text.TIM_Cmd  0x0000000000003368       0x18 .pio/build/SAFETY_DELAYED_ATTACH_4000MS/libFrameworkNoneOSVariant.a(ch32x035_tim.o)
                0x0000000000003368                TIM_Cmd
 .text.TIM_CtrlPWMOutputs
                0x0000000000003380       0x16 .pio/build/SAFETY_DELAYED_ATTACH_4000MS/libFrameworkNoneOSVariant.a(ch32x035_tim.o)
                0x0000000000003380                TIM_CtrlPWMOutputs
 .text.TIM_ARRPreloadConfig
                0x0000000000003396       0x1a .pio/build/SAFETY_DELAYED_ATTACH_4000MS/libFrameworkNoneOSVariant.a(ch32x035_tim.o)
                0x0000000000003396                TIM_ARRPreloadConfig
 .text.TIM_OC1PreloadConfig
                0x00000000000033b0        0xe .pio/build/SAFETY_DELAYED_ATTACH_4000MS/libFrameworkNoneOSVariant.a(ch32x035_tim.o)
                0x00000000000033b0                TIM_OC1PreloadConfig
 .text.TIM_SetCompare1
                0x00000000000033be        0x4 .pio/build/SAFETY_DELAYED_ATTACH_4000MS/libFrameworkNoneOSVariant.a(ch32x035_tim.o)
                0x00000000000033be                TIM_SetCompare1
 *(.rodata)
 *(.rodata*)
 *fill*         0x00000000000033c2        0x2 
 .rodata.USBFS_IRQHandler.str1.4
                0x00000000000033c4       0x23 .pio/build/SAFETY_DELAYED_ATTACH_4000MS/src/usb_device.o
 *fill*         0x00000000000033e7        0x1 
 .rodata.USBFS_IRQHandler
                0x00000000000033e8       0x5c .pio/build/SAFETY_DELAYED_ATTACH_4000MS/src/usb_device.o
 .rodata.configuration_descriptor
                0x0000000000003444       0x29 .pio/build/SAFETY_DELAYED_ATTACH_4000MS/src/usb_device.o
 *fill*         0x000000000000346d        0x3 
 .rodata.report_descriptor
                0x0000000000003470       0x19 .pio/build/SAFETY_DELAYED_ATTACH_4000MS/src/usb_device.o
 *fill*         0x0000000000003489        0x3 
 .rodata.device_descriptor
                0x000000000000348c       0x12 .pio/build/SAFETY_DELAYED_ATTACH_4000MS/src/usb_device.o
 *fill*         0x000000000000349e        0x2 
 .rodata.usb_protocol_process
                0x00000000000034a0       0x30 .pio/build/SAFETY_DELAYED_ATTACH_4000MS/src/usb_protocol.o
 *(.gnu.linkonce.t.*)
                0x00000000000034d0                . = ALIGN (0x4)

.srodata.lang_descriptor
                0x00000000000034d0        0x4
 .srodata.lang_descriptor
                0x00000000000034d0        0x4 .pio/build/SAFETY_DELAYED_ATTACH_4000MS/src/usb_device.o

.rela.dyn       0x00000000000034d4        0x0
 .rela.init     0x00000000000034d4        0x0 .pio/build/SAFETY_DELAYED_ATTACH_4000MS/ProjectStartup/startup_ch32x035.o
 .rela.vector   0x00000000000034d4        0x0 .pio/build/SAFETY_DELAYED_ATTACH_4000MS/ProjectStartup/startup_ch32x035.o
 .rela.text.handle_reset
                0x00000000000034d4        0x0 .pio/build/SAFETY_DELAYED_ATTACH_4000MS/ProjectStartup/startup_ch32x035.o

.fini           0x00000000000034d4        0x0
 *(SORT_NONE(.fini))
                0x00000000000034d4                . = ALIGN (0x4)
                [!provide]                        PROVIDE (_etext = .)

.preinit_array  0x00000000000034d4        0x0
                [!provide]                        PROVIDE (__preinit_array_start = .)
 *(.preinit_array)
                [!provide]                        PROVIDE (__preinit_array_end = .)

.init_array     0x00000000000034d4        0x0
                [!provide]                        PROVIDE (__init_array_start = .)
 *(SORT_BY_INIT_PRIORITY(.init_array.*) SORT_BY_INIT_PRIORITY(.ctors.*))
 *(.init_array)
                [!provide]                        PROVIDE (__init_array_end = .)

.fini_array     0x00000000000034d4        0x0
                [!provide]                        PROVIDE (__fini_array_start = .)
 *(SORT_BY_INIT_PRIORITY(.fini_array.*) SORT_BY_INIT_PRIORITY(.dtors.*))
 *(.fini_array)
                [!provide]                        PROVIDE (__fini_array_end = .)

.dalign         0x0000000020000000        0x0 load address 0x00000000000034d4
                0x0000000020000000                . = ALIGN (0x4)
                0x0000000020000000                PROVIDE (_data_vma = .)

.dlalign        0x00000000000034d4        0x0
                0x00000000000034d4                . = ALIGN (0x4)
                0x00000000000034d4                PROVIDE (_data_lma = .)

.data           0x0000000020000000       0x20 load address 0x00000000000034d4
 *(.data .data.*)
 .data.AHBPrescTable
                0x0000000020000000       0x10 .pio/build/SAFETY_DELAYED_ATTACH_4000MS/FrameworkNoneOSSSystem/system_ch32x035.o
                0x0000000020000000                AHBPrescTable
                0x0000000020000010                . = ALIGN (0x8)
                0x0000000020000810                PROVIDE (__global_pointer$ = (. + 0x800))
 *(.sdata .sdata.*)
 .sdata.SystemCoreClock
                0x0000000020000010        0x4 .pio/build/SAFETY_DELAYED_ATTACH_4000MS/FrameworkNoneOSSSystem/system_ch32x035.o
                0x0000000020000010                SystemCoreClock
 .sdata.CFGHR_tmpC
                0x0000000020000014        0x4 .pio/build/SAFETY_DELAYED_ATTACH_4000MS/libFrameworkNoneOSVariant.a(ch32x035_gpio.o)
                0x0000000020000014                CFGHR_tmpC
 .sdata.CFGHR_tmpB
                0x0000000020000018        0x4 .pio/build/SAFETY_DELAYED_ATTACH_4000MS/libFrameworkNoneOSVariant.a(ch32x035_gpio.o)
                0x0000000020000018                CFGHR_tmpB
 .sdata.CFGHR_tmpA
                0x000000002000001c        0x4 .pio/build/SAFETY_DELAYED_ATTACH_4000MS/libFrameworkNoneOSVariant.a(ch32x035_gpio.o)
                0x000000002000001c                CFGHR_tmpA
                0x0000000020000020                . = ALIGN (0x4)
                0x0000000020000020                PROVIDE (_edata = .)

.bss            0x0000000020000020      0x1b8 load address 0x00000000000034f4
                0x0000000020000020                . = ALIGN (0x4)
                0x0000000020000020                PROVIDE (_sbss = .)
 *(.sbss*)
 .sbss.configured_duty
                0x0000000020000020        0x1 .pio/build/SAFETY_DELAYED_ATTACH_4000MS/src/failsafe.o
 *fill*         0x0000000020000021        0x3 
 .sbss.last_activity
                0x0000000020000024        0x4 .pio/build/SAFETY_DELAYED_ATTACH_4000MS/src/failsafe.o
 .sbss.host_ever_seen
                0x0000000020000028        0x1 .pio/build/SAFETY_DELAYED_ATTACH_4000MS/src/failsafe.o
 .sbss.active   0x0000000020000029        0x1 .pio/build/SAFETY_DELAYED_ATTACH_4000MS/src/failsafe.o
 *fill*         0x000000002000002a        0x2 
 .sbss.state    0x000000002000002c        0x4 .pio/build/SAFETY_DELAYED_ATTACH_4000MS/src/failsafe.o
 .sbss.mode     0x0000000020000030        0x4 .pio/build/SAFETY_DELAYED_ATTACH_4000MS/src/fan_controller.o
 .sbss.enabled  0x0000000020000034        0x1 .pio/build/SAFETY_DELAYED_ATTACH_4000MS/src/fan_controller.o
 .sbss.duty     0x0000000020000035        0x1 .pio/build/SAFETY_DELAYED_ATTACH_4000MS/src/fan_pwm.o
 *fill*         0x0000000020000036        0x2 
 .sbss.rpm      0x0000000020000038        0x4 .pio/build/SAFETY_DELAYED_ATTACH_4000MS/src/fan_tach.o
 .sbss.last_measurement
                0x000000002000003c        0x4 .pio/build/SAFETY_DELAYED_ATTACH_4000MS/src/fan_tach.o
 .sbss.last_pulses
                0x0000000020000040        0x4 .pio/build/SAFETY_DELAYED_ATTACH_4000MS/src/fan_tach.o
 .sbss.pulses   0x0000000020000044        0x4 .pio/build/SAFETY_DELAYED_ATTACH_4000MS/src/fan_tach.o
 .sbss.fault    0x0000000020000048        0x1 .pio/build/SAFETY_DELAYED_ATTACH_4000MS/src/power_monitor.o
 *fill*         0x0000000020000049        0x3 
 .sbss.uptime_ms
                0x000000002000004c        0x4 .pio/build/SAFETY_DELAYED_ATTACH_4000MS/src/system_status.o
 .sbss.usb_set_configuration_count
                0x0000000020000050        0x4 .pio/build/SAFETY_DELAYED_ATTACH_4000MS/src/usb_device.o
                0x0000000020000050                usb_set_configuration_count
 .sbss.usb_get_string_desc_count
                0x0000000020000054        0x4 .pio/build/SAFETY_DELAYED_ATTACH_4000MS/src/usb_device.o
                0x0000000020000054                usb_get_string_desc_count
 .sbss.usb_get_config_desc_count
                0x0000000020000058        0x4 .pio/build/SAFETY_DELAYED_ATTACH_4000MS/src/usb_device.o
                0x0000000020000058                usb_get_config_desc_count
 .sbss.usb_set_address_count
                0x000000002000005c        0x4 .pio/build/SAFETY_DELAYED_ATTACH_4000MS/src/usb_device.o
                0x000000002000005c                usb_set_address_count
 .sbss.usb_get_device_desc_count
                0x0000000020000060        0x4 .pio/build/SAFETY_DELAYED_ATTACH_4000MS/src/usb_device.o
                0x0000000020000060                usb_get_device_desc_count
 .sbss.usb_setup_count
                0x0000000020000064        0x4 .pio/build/SAFETY_DELAYED_ATTACH_4000MS/src/usb_device.o
                0x0000000020000064                usb_setup_count
 .sbss.usb_bus_reset_count
                0x0000000020000068        0x4 .pio/build/SAFETY_DELAYED_ATTACH_4000MS/src/usb_device.o
                0x0000000020000068                usb_bus_reset_count
 .sbss.usb_enum_trace_config_complete
                0x000000002000006c        0x1 .pio/build/SAFETY_DELAYED_ATTACH_4000MS/src/usb_device.o
 .sbss.control_request_code
                0x000000002000006d        0x1 .pio/build/SAFETY_DELAYED_ATTACH_4000MS/src/usb_device.o
 .sbss.control_remaining
                0x000000002000006e        0x2 .pio/build/SAFETY_DELAYED_ATTACH_4000MS/src/usb_device.o
 .sbss.control_ptr
                0x0000000020000070        0x4 .pio/build/SAFETY_DELAYED_ATTACH_4000MS/src/usb_device.o
 .sbss.idle_rate
                0x0000000020000074        0x1 .pio/build/SAFETY_DELAYED_ATTACH_4000MS/src/usb_device.o
 .sbss.protocol_mode
                0x0000000020000075        0x1 .pio/build/SAFETY_DELAYED_ATTACH_4000MS/src/usb_device.o
 .sbss.usb_configuration
                0x0000000020000076        0x1 .pio/build/SAFETY_DELAYED_ATTACH_4000MS/src/usb_device.o
 .sbss.usb_address
                0x0000000020000077        0x1 .pio/build/SAFETY_DELAYED_ATTACH_4000MS/src/usb_device.o
 .sbss.dfu_reset_due_ms
                0x0000000020000078        0x4 .pio/build/SAFETY_DELAYED_ATTACH_4000MS/src/usb_device.o
 .sbss.dfu_reset_waiting
                0x000000002000007c        0x1 .pio/build/SAFETY_DELAYED_ATTACH_4000MS/src/usb_device.o
 .sbss.tx_done  0x000000002000007d        0x1 .pio/build/SAFETY_DELAYED_ATTACH_4000MS/src/usb_device.o
 .sbss.tx_busy  0x000000002000007e        0x1 .pio/build/SAFETY_DELAYED_ATTACH_4000MS/src/usb_device.o
 .sbss.out_pending
                0x000000002000007f        0x1 .pio/build/SAFETY_DELAYED_ATTACH_4000MS/src/usb_device.o
 .sbss.configured
                0x0000000020000080        0x1 .pio/build/SAFETY_DELAYED_ATTACH_4000MS/src/usb_device.o
 .sbss.dfu_pending
                0x0000000020000081        0x1 .pio/build/SAFETY_DELAYED_ATTACH_4000MS/src/usb_protocol.o
 *(.bss*)
 *fill*         0x0000000020000082        0x2 
 .bss.status    0x0000000020000084       0x14 .pio/build/SAFETY_DELAYED_ATTACH_4000MS/src/system_status.o
 .bss.tx_report
                0x0000000020000098       0x40 .pio/build/SAFETY_DELAYED_ATTACH_4000MS/src/usb_device.o
 .bss.pending_out
                0x00000000200000d8       0x40 .pio/build/SAFETY_DELAYED_ATTACH_4000MS/src/usb_device.o
 .bss.ep2_out_buf
                0x0000000020000118       0x40 .pio/build/SAFETY_DELAYED_ATTACH_4000MS/src/usb_device.o
 .bss.ep1_in_buf
                0x0000000020000158       0x40 .pio/build/SAFETY_DELAYED_ATTACH_4000MS/src/usb_device.o
 .bss.ep0_buf   0x0000000020000198       0x40 .pio/build/SAFETY_DELAYED_ATTACH_4000MS/src/usb_device.o
 *(COMMON)
                0x00000000200001d8                . = ALIGN (0x4)
                0x00000000200001d8                PROVIDE (_ebss = .)
                0x00000000200001d8                PROVIDE (_end = _ebss)
                [!provide]                        PROVIDE (end = .)

.stack          0x00000000200047f0      0x800
                0x00000000200047f0                PROVIDE (_heap_end = .)
                0x00000000200047f0                . = ALIGN (0x4)
                [!provide]                        PROVIDE (_susrstack = .)
                0x0000000020004ff0                . = (. + __stack_size)
 *fill*         0x00000000200047f0      0x800 
                0x0000000020004ff0                PROVIDE (_eusrstack = .)
OUTPUT(.pio/build/SAFETY_DELAYED_ATTACH_4000MS/firmware.elf elf32-littleriscv)

.riscv.attributes
                0x0000000000000000       0x3a
 .riscv.attributes
                0x0000000000000000       0x38 .pio/build/SAFETY_DELAYED_ATTACH_4000MS/ProjectStartup/startup_ch32x035.o
 .riscv.attributes
                0x0000000000000038       0x3a .pio/build/SAFETY_DELAYED_ATTACH_4000MS/FrameworkNoneOSSSystem/system_ch32x035.o
 .riscv.attributes
                0x0000000000000072       0x3a .pio/build/SAFETY_DELAYED_ATTACH_4000MS/FrameworkInitFini/cpp_support.o
 .riscv.attributes
                0x00000000000000ac       0x3a .pio/build/SAFETY_DELAYED_ATTACH_4000MS/src/debug_test.o
 .riscv.attributes
                0x00000000000000e6       0x3a .pio/build/SAFETY_DELAYED_ATTACH_4000MS/src/failsafe.o
 .riscv.attributes
                0x0000000000000120       0x3a .pio/build/SAFETY_DELAYED_ATTACH_4000MS/src/fan_controller.o
 .riscv.attributes
                0x000000000000015a       0x3a .pio/build/SAFETY_DELAYED_ATTACH_4000MS/src/fan_pwm.o
 .riscv.attributes
                0x0000000000000194       0x3a .pio/build/SAFETY_DELAYED_ATTACH_4000MS/src/fan_tach.o
 .riscv.attributes
                0x00000000000001ce       0x3a .pio/build/SAFETY_DELAYED_ATTACH_4000MS/src/main.o
 .riscv.attributes
                0x0000000000000208       0x3a .pio/build/SAFETY_DELAYED_ATTACH_4000MS/src/power_monitor.o
 .riscv.attributes
                0x0000000000000242       0x3a .pio/build/SAFETY_DELAYED_ATTACH_4000MS/src/system_dfu.o
 .riscv.attributes
                0x000000000000027c       0x3a .pio/build/SAFETY_DELAYED_ATTACH_4000MS/src/system_status.o
 .riscv.attributes
                0x00000000000002b6       0x3a .pio/build/SAFETY_DELAYED_ATTACH_4000MS/src/usb_device.o
 .riscv.attributes
                0x00000000000002f0       0x3a .pio/build/SAFETY_DELAYED_ATTACH_4000MS/src/usb_protocol.o
 .riscv.attributes
                0x000000000000032a       0x3a .pio/build/SAFETY_DELAYED_ATTACH_4000MS/libFrameworkNoneOSVariant.a(ch32x035_exti.o)
 .riscv.attributes
                0x0000000000000364       0x3a .pio/build/SAFETY_DELAYED_ATTACH_4000MS/libFrameworkNoneOSVariant.a(ch32x035_gpio.o)
 .riscv.attributes
                0x000000000000039e       0x3a .pio/build/SAFETY_DELAYED_ATTACH_4000MS/libFrameworkNoneOSVariant.a(ch32x035_rcc.o)
 .riscv.attributes
                0x00000000000003d8       0x3a .pio/build/SAFETY_DELAYED_ATTACH_4000MS/libFrameworkNoneOSVariant.a(ch32x035_tim.o)
 .riscv.attributes
                0x0000000000000412       0x38 /Users/tangyujie/.platformio/packages/toolchain-riscv/bin/../lib/gcc/riscv-wch-elf/12.2.0/rv32imac_xw/ilp32/libgcc.a(save-restore.o)
 .riscv.attributes
                0x000000000000044a       0x38 /Users/tangyujie/.platformio/packages/toolchain-riscv/bin/../lib/gcc/riscv-wch-elf/12.2.0/../../../../riscv-wch-elf/lib/rv32imac_xw/ilp32/libg_nano.a(lib_a-memcpy-asm.o)
 .riscv.attributes
                0x0000000000000482       0x38 /Users/tangyujie/.platformio/packages/toolchain-riscv/bin/../lib/gcc/riscv-wch-elf/12.2.0/../../../../riscv-wch-elf/lib/rv32imac_xw/ilp32/libg_nano.a(lib_a-memset.o)

.comment        0x0000000000000000       0x32
 .comment       0x0000000000000000       0x32 .pio/build/SAFETY_DELAYED_ATTACH_4000MS/FrameworkNoneOSSSystem/system_ch32x035.o
                                         0x33 (size before relaxing)
 .comment       0x0000000000000032       0x33 .pio/build/SAFETY_DELAYED_ATTACH_4000MS/FrameworkInitFini/cpp_support.o
 .comment       0x0000000000000032       0x33 .pio/build/SAFETY_DELAYED_ATTACH_4000MS/src/debug_test.o
 .comment       0x0000000000000032       0x33 .pio/build/SAFETY_DELAYED_ATTACH_4000MS/src/failsafe.o
 .comment       0x0000000000000032       0x33 .pio/build/SAFETY_DELAYED_ATTACH_4000MS/src/fan_controller.o
 .comment       0x0000000000000032       0x33 .pio/build/SAFETY_DELAYED_ATTACH_4000MS/src/fan_pwm.o
 .comment       0x0000000000000032       0x33 .pio/build/SAFETY_DELAYED_ATTACH_4000MS/src/fan_tach.o
 .comment       0x0000000000000032       0x33 .pio/build/SAFETY_DELAYED_ATTACH_4000MS/src/main.o
 .comment       0x0000000000000032       0x33 .pio/build/SAFETY_DELAYED_ATTACH_4000MS/src/power_monitor.o
 .comment       0x0000000000000032       0x33 .pio/build/SAFETY_DELAYED_ATTACH_4000MS/src/system_dfu.o
 .comment       0x0000000000000032       0x33 .pio/build/SAFETY_DELAYED_ATTACH_4000MS/src/system_status.o
 .comment       0x0000000000000032       0x33 .pio/build/SAFETY_DELAYED_ATTACH_4000MS/src/usb_device.o
 .comment       0x0000000000000032       0x33 .pio/build/SAFETY_DELAYED_ATTACH_4000MS/src/usb_protocol.o
 .comment       0x0000000000000032       0x33 .pio/build/SAFETY_DELAYED_ATTACH_4000MS/libFrameworkNoneOSVariant.a(ch32x035_exti.o)
 .comment       0x0000000000000032       0x33 .pio/build/SAFETY_DELAYED_ATTACH_4000MS/libFrameworkNoneOSVariant.a(ch32x035_gpio.o)
 .comment       0x0000000000000032       0x33 .pio/build/SAFETY_DELAYED_ATTACH_4000MS/libFrameworkNoneOSVariant.a(ch32x035_rcc.o)
 .comment       0x0000000000000032       0x33 .pio/build/SAFETY_DELAYED_ATTACH_4000MS/libFrameworkNoneOSVariant.a(ch32x035_tim.o)

.debug_line     0x0000000000000000     0x8091
 .debug_line    0x0000000000000000      0x118 .pio/build/SAFETY_DELAYED_ATTACH_4000MS/ProjectStartup/startup_ch32x035.o
 .debug_line    0x0000000000000118      0x1d6 .pio/build/SAFETY_DELAYED_ATTACH_4000MS/FrameworkNoneOSSSystem/system_ch32x035.o
 .debug_line    0x00000000000002ee       0x62 .pio/build/SAFETY_DELAYED_ATTACH_4000MS/FrameworkInitFini/cpp_support.o
 .debug_line    0x0000000000000350       0x78 .pio/build/SAFETY_DELAYED_ATTACH_4000MS/src/debug_test.o
 .debug_line    0x00000000000003c8      0x3ad .pio/build/SAFETY_DELAYED_ATTACH_4000MS/src/failsafe.o
 .debug_line    0x0000000000000775      0x31a .pio/build/SAFETY_DELAYED_ATTACH_4000MS/src/fan_controller.o
 .debug_line    0x0000000000000a8f      0x2fe .pio/build/SAFETY_DELAYED_ATTACH_4000MS/src/fan_pwm.o
 .debug_line    0x0000000000000d8d      0x3c6 .pio/build/SAFETY_DELAYED_ATTACH_4000MS/src/fan_tach.o
 .debug_line    0x0000000000001153      0x178 .pio/build/SAFETY_DELAYED_ATTACH_4000MS/src/main.o
 .debug_line    0x00000000000012cb       0xa0 .pio/build/SAFETY_DELAYED_ATTACH_4000MS/src/power_monitor.o
 .debug_line    0x000000000000136b       0xd6 .pio/build/SAFETY_DELAYED_ATTACH_4000MS/src/system_dfu.o
 .debug_line    0x0000000000001441      0x310 .pio/build/SAFETY_DELAYED_ATTACH_4000MS/src/system_status.o
 .debug_line    0x0000000000001751     0x1270 .pio/build/SAFETY_DELAYED_ATTACH_4000MS/src/usb_device.o
 .debug_line    0x00000000000029c1      0xb81 .pio/build/SAFETY_DELAYED_ATTACH_4000MS/src/usb_protocol.o
 .debug_line    0x0000000000003542      0x408 .pio/build/SAFETY_DELAYED_ATTACH_4000MS/libFrameworkNoneOSVariant.a(ch32x035_exti.o)
 .debug_line    0x000000000000394a     0x105f .pio/build/SAFETY_DELAYED_ATTACH_4000MS/libFrameworkNoneOSVariant.a(ch32x035_gpio.o)
 .debug_line    0x00000000000049a9      0x5e0 .pio/build/SAFETY_DELAYED_ATTACH_4000MS/libFrameworkNoneOSVariant.a(ch32x035_rcc.o)
 .debug_line    0x0000000000004f89     0x3108 .pio/build/SAFETY_DELAYED_ATTACH_4000MS/libFrameworkNoneOSVariant.a(ch32x035_tim.o)

.debug_line_str
                0x0000000000000000      0x772
 .debug_line_str
                0x0000000000000000       0x68 .pio/build/SAFETY_DELAYED_ATTACH_4000MS/ProjectStartup/startup_ch32x035.o
                                         0x7b (size before relaxing)
 .debug_line_str
                0x0000000000000068      0x1d8 .pio/build/SAFETY_DELAYED_ATTACH_4000MS/FrameworkNoneOSSSystem/system_ch32x035.o
                                        0x28d (size before relaxing)
 .debug_line_str
                0x0000000000000240       0xa4 .pio/build/SAFETY_DELAYED_ATTACH_4000MS/FrameworkInitFini/cpp_support.o
                                        0x146 (size before relaxing)
 .debug_line_str
                0x00000000000002e4       0x11 .pio/build/SAFETY_DELAYED_ATTACH_4000MS/src/debug_test.o
                                        0x174 (size before relaxing)
 .debug_line_str
                0x00000000000002f5       0x3b .pio/build/SAFETY_DELAYED_ATTACH_4000MS/src/failsafe.o
                                        0x1a2 (size before relaxing)
 .debug_line_str
                0x0000000000000330       0x2a .pio/build/SAFETY_DELAYED_ATTACH_4000MS/src/fan_controller.o
                                        0x1ae (size before relaxing)
 .debug_line_str
                0x000000000000035a       0x96 .pio/build/SAFETY_DELAYED_ATTACH_4000MS/src/fan_pwm.o
                                        0x2b6 (size before relaxing)
 .debug_line_str
                0x00000000000003f0       0x1f .pio/build/SAFETY_DELAYED_ATTACH_4000MS/src/fan_tach.o
                                        0x271 (size before relaxing)
 .debug_line_str
                0x000000000000040f       0x35 .pio/build/SAFETY_DELAYED_ATTACH_4000MS/src/main.o
                                        0x16d (size before relaxing)
 .debug_line_str
                0x0000000000000444       0x14 .pio/build/SAFETY_DELAYED_ATTACH_4000MS/src/power_monitor.o
                                         0xbe (size before relaxing)
 .debug_line_str
                0x0000000000000458       0x11 .pio/build/SAFETY_DELAYED_ATTACH_4000MS/src/system_dfu.o
                                        0x1e7 (size before relaxing)
 .debug_line_str
                0x0000000000000469       0x14 .pio/build/SAFETY_DELAYED_ATTACH_4000MS/src/system_status.o
                                        0x2de (size before relaxing)
 .debug_line_str
                0x000000000000047d       0xf1 .pio/build/SAFETY_DELAYED_ATTACH_4000MS/src/usb_device.o
                                        0x354 (size before relaxing)
 .debug_line_str
                0x000000000000056e       0x13 .pio/build/SAFETY_DELAYED_ATTACH_4000MS/src/usb_protocol.o
                                        0x1e5 (size before relaxing)
 .debug_line_str
                0x0000000000000581       0xbe .pio/build/SAFETY_DELAYED_ATTACH_4000MS/libFrameworkNoneOSVariant.a(ch32x035_exti.o)
                                        0x2ef (size before relaxing)
 .debug_line_str
                0x000000000000063f       0x67 .pio/build/SAFETY_DELAYED_ATTACH_4000MS/libFrameworkNoneOSVariant.a(ch32x035_gpio.o)
                                        0x2fe (size before relaxing)
 .debug_line_str
                0x00000000000006a6       0x66 .pio/build/SAFETY_DELAYED_ATTACH_4000MS/libFrameworkNoneOSVariant.a(ch32x035_rcc.o)
                                        0x2eb (size before relaxing)
 .debug_line_str
                0x000000000000070c       0x66 .pio/build/SAFETY_DELAYED_ATTACH_4000MS/libFrameworkNoneOSVariant.a(ch32x035_tim.o)
                                        0x2fa (size before relaxing)

.debug_info     0x0000000000000000     0x7540
 .debug_info    0x0000000000000000       0x23 .pio/build/SAFETY_DELAYED_ATTACH_4000MS/ProjectStartup/startup_ch32x035.o
 .debug_info    0x0000000000000023      0x278 .pio/build/SAFETY_DELAYED_ATTACH_4000MS/FrameworkNoneOSSSystem/system_ch32x035.o
 .debug_info    0x000000000000029b       0x47 .pio/build/SAFETY_DELAYED_ATTACH_4000MS/FrameworkInitFini/cpp_support.o
 .debug_info    0x00000000000002e2       0xb1 .pio/build/SAFETY_DELAYED_ATTACH_4000MS/src/debug_test.o
 .debug_info    0x0000000000000393      0x2e2 .pio/build/SAFETY_DELAYED_ATTACH_4000MS/src/failsafe.o
 .debug_info    0x0000000000000675      0x330 .pio/build/SAFETY_DELAYED_ATTACH_4000MS/src/fan_controller.o
 .debug_info    0x00000000000009a5      0x855 .pio/build/SAFETY_DELAYED_ATTACH_4000MS/src/fan_pwm.o
 .debug_info    0x00000000000011fa      0x864 .pio/build/SAFETY_DELAYED_ATTACH_4000MS/src/fan_tach.o
 .debug_info    0x0000000000001a5e      0x1c2 .pio/build/SAFETY_DELAYED_ATTACH_4000MS/src/main.o
 .debug_info    0x0000000000001c20       0xc3 .pio/build/SAFETY_DELAYED_ATTACH_4000MS/src/power_monitor.o
 .debug_info    0x0000000000001ce3      0x316 .pio/build/SAFETY_DELAYED_ATTACH_4000MS/src/system_dfu.o
 .debug_info    0x0000000000001ff9      0x6f8 .pio/build/SAFETY_DELAYED_ATTACH_4000MS/src/system_status.o
 .debug_info    0x00000000000026f1     0x143a .pio/build/SAFETY_DELAYED_ATTACH_4000MS/src/usb_device.o
 .debug_info    0x0000000000003b2b      0x8e1 .pio/build/SAFETY_DELAYED_ATTACH_4000MS/src/usb_protocol.o
 .debug_info    0x000000000000440c      0x338 .pio/build/SAFETY_DELAYED_ATTACH_4000MS/libFrameworkNoneOSVariant.a(ch32x035_exti.o)
 .debug_info    0x0000000000004744      0x8cb .pio/build/SAFETY_DELAYED_ATTACH_4000MS/libFrameworkNoneOSVariant.a(ch32x035_gpio.o)
 .debug_info    0x000000000000500f      0x49f .pio/build/SAFETY_DELAYED_ATTACH_4000MS/libFrameworkNoneOSVariant.a(ch32x035_rcc.o)
 .debug_info    0x00000000000054ae     0x2092 .pio/build/SAFETY_DELAYED_ATTACH_4000MS/libFrameworkNoneOSVariant.a(ch32x035_tim.o)

.debug_abbrev   0x0000000000000000     0x1ed2
 .debug_abbrev  0x0000000000000000       0x12 .pio/build/SAFETY_DELAYED_ATTACH_4000MS/ProjectStartup/startup_ch32x035.o
 .debug_abbrev  0x0000000000000012      0x141 .pio/build/SAFETY_DELAYED_ATTACH_4000MS/FrameworkNoneOSSSystem/system_ch32x035.o
 .debug_abbrev  0x0000000000000153       0x43 .pio/build/SAFETY_DELAYED_ATTACH_4000MS/FrameworkInitFini/cpp_support.o
 .debug_abbrev  0x0000000000000196       0x7b .pio/build/SAFETY_DELAYED_ATTACH_4000MS/src/debug_test.o
 .debug_abbrev  0x0000000000000211      0x195 .pio/build/SAFETY_DELAYED_ATTACH_4000MS/src/failsafe.o
 .debug_abbrev  0x00000000000003a6      0x238 .pio/build/SAFETY_DELAYED_ATTACH_4000MS/src/fan_controller.o
 .debug_abbrev  0x00000000000005de      0x216 .pio/build/SAFETY_DELAYED_ATTACH_4000MS/src/fan_pwm.o
 .debug_abbrev  0x00000000000007f4      0x222 .pio/build/SAFETY_DELAYED_ATTACH_4000MS/src/fan_tach.o
 .debug_abbrev  0x0000000000000a16       0x7c .pio/build/SAFETY_DELAYED_ATTACH_4000MS/src/main.o
 .debug_abbrev  0x0000000000000a92       0x71 .pio/build/SAFETY_DELAYED_ATTACH_4000MS/src/power_monitor.o
 .debug_abbrev  0x0000000000000b03      0x132 .pio/build/SAFETY_DELAYED_ATTACH_4000MS/src/system_dfu.o
 .debug_abbrev  0x0000000000000c35      0x210 .pio/build/SAFETY_DELAYED_ATTACH_4000MS/src/system_status.o
 .debug_abbrev  0x0000000000000e45      0x480 .pio/build/SAFETY_DELAYED_ATTACH_4000MS/src/usb_device.o
 .debug_abbrev  0x00000000000012c5      0x2fb .pio/build/SAFETY_DELAYED_ATTACH_4000MS/src/usb_protocol.o
 .debug_abbrev  0x00000000000015c0      0x17c .pio/build/SAFETY_DELAYED_ATTACH_4000MS/libFrameworkNoneOSVariant.a(ch32x035_exti.o)
 .debug_abbrev  0x000000000000173c      0x247 .pio/build/SAFETY_DELAYED_ATTACH_4000MS/libFrameworkNoneOSVariant.a(ch32x035_gpio.o)
 .debug_abbrev  0x0000000000001983      0x1fa .pio/build/SAFETY_DELAYED_ATTACH_4000MS/libFrameworkNoneOSVariant.a(ch32x035_rcc.o)
 .debug_abbrev  0x0000000000001b7d      0x355 .pio/build/SAFETY_DELAYED_ATTACH_4000MS/libFrameworkNoneOSVariant.a(ch32x035_tim.o)

.debug_aranges  0x0000000000000000      0x7c8
 .debug_aranges
                0x0000000000000000       0x30 .pio/build/SAFETY_DELAYED_ATTACH_4000MS/ProjectStartup/startup_ch32x035.o
 .debug_aranges
                0x0000000000000030       0x28 .pio/build/SAFETY_DELAYED_ATTACH_4000MS/FrameworkNoneOSSSystem/system_ch32x035.o
 .debug_aranges
                0x0000000000000058       0x28 .pio/build/SAFETY_DELAYED_ATTACH_4000MS/FrameworkInitFini/cpp_support.o
 .debug_aranges
                0x0000000000000080       0x28 .pio/build/SAFETY_DELAYED_ATTACH_4000MS/src/debug_test.o
 .debug_aranges
                0x00000000000000a8       0x58 .pio/build/SAFETY_DELAYED_ATTACH_4000MS/src/failsafe.o
 .debug_aranges
                0x0000000000000100       0x70 .pio/build/SAFETY_DELAYED_ATTACH_4000MS/src/fan_controller.o
 .debug_aranges
                0x0000000000000170       0x30 .pio/build/SAFETY_DELAYED_ATTACH_4000MS/src/fan_pwm.o
 .debug_aranges
                0x00000000000001a0       0x40 .pio/build/SAFETY_DELAYED_ATTACH_4000MS/src/fan_tach.o
 .debug_aranges
                0x00000000000001e0       0x30 .pio/build/SAFETY_DELAYED_ATTACH_4000MS/src/main.o
 .debug_aranges
                0x0000000000000210       0x30 .pio/build/SAFETY_DELAYED_ATTACH_4000MS/src/power_monitor.o
 .debug_aranges
                0x0000000000000240       0x20 .pio/build/SAFETY_DELAYED_ATTACH_4000MS/src/system_dfu.o
 .debug_aranges
                0x0000000000000260       0x40 .pio/build/SAFETY_DELAYED_ATTACH_4000MS/src/system_status.o
 .debug_aranges
                0x00000000000002a0       0x78 .pio/build/SAFETY_DELAYED_ATTACH_4000MS/src/usb_device.o
 .debug_aranges
                0x0000000000000318       0x38 .pio/build/SAFETY_DELAYED_ATTACH_4000MS/src/usb_protocol.o
 .debug_aranges
                0x0000000000000350       0x58 .pio/build/SAFETY_DELAYED_ATTACH_4000MS/libFrameworkNoneOSVariant.a(ch32x035_exti.o)
 .debug_aranges
                0x00000000000003a8       0x98 .pio/build/SAFETY_DELAYED_ATTACH_4000MS/libFrameworkNoneOSVariant.a(ch32x035_gpio.o)
 .debug_aranges
                0x0000000000000440       0x88 .pio/build/SAFETY_DELAYED_ATTACH_4000MS/libFrameworkNoneOSVariant.a(ch32x035_rcc.o)
 .debug_aranges
                0x00000000000004c8      0x300 .pio/build/SAFETY_DELAYED_ATTACH_4000MS/libFrameworkNoneOSVariant.a(ch32x035_tim.o)

.debug_str      0x0000000000000000     0x2740
 .debug_str     0x0000000000000000       0x74 .pio/build/SAFETY_DELAYED_ATTACH_4000MS/ProjectStartup/startup_ch32x035.o
 .debug_str     0x0000000000000074      0x21a .pio/build/SAFETY_DELAYED_ATTACH_4000MS/FrameworkNoneOSSSystem/system_ch32x035.o
                                        0x28a (size before relaxing)
 .debug_str     0x000000000000028e        0x6 .pio/build/SAFETY_DELAYED_ATTACH_4000MS/FrameworkInitFini/cpp_support.o
                                         0xd1 (size before relaxing)
 .debug_str     0x0000000000000294       0x32 .pio/build/SAFETY_DELAYED_ATTACH_4000MS/src/debug_test.o
                                        0x18f (size before relaxing)
 .debug_str     0x00000000000002c6      0x18f .pio/build/SAFETY_DELAYED_ATTACH_4000MS/src/failsafe.o
                                        0x31f (size before relaxing)
 .debug_str     0x0000000000000455      0x15a .pio/build/SAFETY_DELAYED_ATTACH_4000MS/src/fan_controller.o
                                        0x349 (size before relaxing)
 .debug_str     0x00000000000005af      0x432 .pio/build/SAFETY_DELAYED_ATTACH_4000MS/src/fan_pwm.o
                                        0x62a (size before relaxing)
 .debug_str     0x00000000000009e1      0x466 .pio/build/SAFETY_DELAYED_ATTACH_4000MS/src/fan_tach.o
                                        0x7c9 (size before relaxing)
 .debug_str     0x0000000000000e47       0xa7 .pio/build/SAFETY_DELAYED_ATTACH_4000MS/src/main.o
                                        0x299 (size before relaxing)
 .debug_str     0x0000000000000eee       0x18 .pio/build/SAFETY_DELAYED_ATTACH_4000MS/src/power_monitor.o
                                        0x19a (size before relaxing)
 .debug_str     0x0000000000000f06       0x24 .pio/build/SAFETY_DELAYED_ATTACH_4000MS/src/system_dfu.o
                                        0x272 (size before relaxing)
 .debug_str     0x0000000000000f2a      0x10e .pio/build/SAFETY_DELAYED_ATTACH_4000MS/src/system_status.o
                                        0x762 (size before relaxing)
 .debug_str     0x0000000000001038      0x750 .pio/build/SAFETY_DELAYED_ATTACH_4000MS/src/usb_device.o
                                        0xe15 (size before relaxing)
 .debug_str     0x0000000000001788      0x1d1 .pio/build/SAFETY_DELAYED_ATTACH_4000MS/src/usb_protocol.o
                                        0x60f (size before relaxing)
 .debug_str     0x0000000000001959       0xa4 .pio/build/SAFETY_DELAYED_ATTACH_4000MS/libFrameworkNoneOSVariant.a(ch32x035_exti.o)
                                        0x34b (size before relaxing)
 .debug_str     0x00000000000019fd      0x1ea .pio/build/SAFETY_DELAYED_ATTACH_4000MS/libFrameworkNoneOSVariant.a(ch32x035_gpio.o)
                                        0x50a (size before relaxing)
 .debug_str     0x0000000000001be7      0x176 .pio/build/SAFETY_DELAYED_ATTACH_4000MS/libFrameworkNoneOSVariant.a(ch32x035_rcc.o)
                                        0x40f (size before relaxing)
 .debug_str     0x0000000000001d5d      0x9e3 .pio/build/SAFETY_DELAYED_ATTACH_4000MS/libFrameworkNoneOSVariant.a(ch32x035_tim.o)
                                        0xf3f (size before relaxing)

.debug_rnglists
                0x0000000000000000      0x99d
 .debug_rnglists
                0x0000000000000000       0x20 .pio/build/SAFETY_DELAYED_ATTACH_4000MS/ProjectStartup/startup_ch32x035.o
 .debug_rnglists
                0x0000000000000020       0x1f .pio/build/SAFETY_DELAYED_ATTACH_4000MS/FrameworkNoneOSSSystem/system_ch32x035.o
 .debug_rnglists
                0x000000000000003f       0x1f .pio/build/SAFETY_DELAYED_ATTACH_4000MS/FrameworkInitFini/cpp_support.o
 .debug_rnglists
                0x000000000000005e       0x1f .pio/build/SAFETY_DELAYED_ATTACH_4000MS/src/debug_test.o
 .debug_rnglists
                0x000000000000007d       0x68 .pio/build/SAFETY_DELAYED_ATTACH_4000MS/src/failsafe.o
 .debug_rnglists
                0x00000000000000e5       0x83 .pio/build/SAFETY_DELAYED_ATTACH_4000MS/src/fan_controller.o
 .debug_rnglists
                0x0000000000000168       0x28 .pio/build/SAFETY_DELAYED_ATTACH_4000MS/src/fan_pwm.o
 .debug_rnglists
                0x0000000000000190       0x3a .pio/build/SAFETY_DELAYED_ATTACH_4000MS/src/fan_tach.o
 .debug_rnglists
                0x00000000000001ca       0x28 .pio/build/SAFETY_DELAYED_ATTACH_4000MS/src/main.o
 .debug_rnglists
                0x00000000000001f2       0x28 .pio/build/SAFETY_DELAYED_ATTACH_4000MS/src/power_monitor.o
 .debug_rnglists
                0x000000000000021a       0x16 .pio/build/SAFETY_DELAYED_ATTACH_4000MS/src/system_dfu.o
 .debug_rnglists
                0x0000000000000230       0x3a .pio/build/SAFETY_DELAYED_ATTACH_4000MS/src/system_status.o
 .debug_rnglists
                0x000000000000026a       0xd7 .pio/build/SAFETY_DELAYED_ATTACH_4000MS/src/usb_device.o
 .debug_rnglists
                0x0000000000000341      0x167 .pio/build/SAFETY_DELAYED_ATTACH_4000MS/src/usb_protocol.o
 .debug_rnglists
                0x00000000000004a8       0x55 .pio/build/SAFETY_DELAYED_ATTACH_4000MS/libFrameworkNoneOSVariant.a(ch32x035_exti.o)
 .debug_rnglists
                0x00000000000004fd       0x9d .pio/build/SAFETY_DELAYED_ATTACH_4000MS/libFrameworkNoneOSVariant.a(ch32x035_gpio.o)
 .debug_rnglists
                0x000000000000059a       0x8b .pio/build/SAFETY_DELAYED_ATTACH_4000MS/libFrameworkNoneOSVariant.a(ch32x035_rcc.o)
 .debug_rnglists
                0x0000000000000625      0x378 .pio/build/SAFETY_DELAYED_ATTACH_4000MS/libFrameworkNoneOSVariant.a(ch32x035_tim.o)

.debug_loclists
                0x0000000000000000     0x2832
 .debug_loclists
                0x0000000000000000       0x24 .pio/build/SAFETY_DELAYED_ATTACH_4000MS/FrameworkNoneOSSSystem/system_ch32x035.o
 .debug_loclists
                0x0000000000000024       0xb7 .pio/build/SAFETY_DELAYED_ATTACH_4000MS/src/failsafe.o
 .debug_loclists
                0x00000000000000db       0x96 .pio/build/SAFETY_DELAYED_ATTACH_4000MS/src/fan_controller.o
 .debug_loclists
                0x0000000000000171       0x44 .pio/build/SAFETY_DELAYED_ATTACH_4000MS/src/fan_pwm.o
 .debug_loclists
                0x00000000000001b5       0x31 .pio/build/SAFETY_DELAYED_ATTACH_4000MS/src/fan_tach.o
 .debug_loclists
                0x00000000000001e6       0x33 .pio/build/SAFETY_DELAYED_ATTACH_4000MS/src/system_status.o
 .debug_loclists
                0x0000000000000219      0x4c7 .pio/build/SAFETY_DELAYED_ATTACH_4000MS/src/usb_device.o
 .debug_loclists
                0x00000000000006e0      0x35e .pio/build/SAFETY_DELAYED_ATTACH_4000MS/src/usb_protocol.o
 .debug_loclists
                0x0000000000000a3e      0x118 .pio/build/SAFETY_DELAYED_ATTACH_4000MS/libFrameworkNoneOSVariant.a(ch32x035_exti.o)
 .debug_loclists
                0x0000000000000b56      0x85e .pio/build/SAFETY_DELAYED_ATTACH_4000MS/libFrameworkNoneOSVariant.a(ch32x035_gpio.o)
 .debug_loclists
                0x00000000000013b4      0x24f .pio/build/SAFETY_DELAYED_ATTACH_4000MS/libFrameworkNoneOSVariant.a(ch32x035_rcc.o)
 .debug_loclists
                0x0000000000001603     0x122f .pio/build/SAFETY_DELAYED_ATTACH_4000MS/libFrameworkNoneOSVariant.a(ch32x035_tim.o)

.debug_frame    0x0000000000000000      0xef8
 .debug_frame   0x0000000000000000       0x30 .pio/build/SAFETY_DELAYED_ATTACH_4000MS/FrameworkNoneOSSSystem/system_ch32x035.o
 .debug_frame   0x0000000000000030       0x30 .pio/build/SAFETY_DELAYED_ATTACH_4000MS/FrameworkInitFini/cpp_support.o
 .debug_frame   0x0000000000000060       0x30 .pio/build/SAFETY_DELAYED_ATTACH_4000MS/src/debug_test.o
 .debug_frame   0x0000000000000090       0xc4 .pio/build/SAFETY_DELAYED_ATTACH_4000MS/src/failsafe.o
 .debug_frame   0x0000000000000154       0xcc .pio/build/SAFETY_DELAYED_ATTACH_4000MS/src/fan_controller.o
 .debug_frame   0x0000000000000220       0x50 .pio/build/SAFETY_DELAYED_ATTACH_4000MS/src/fan_pwm.o
 .debug_frame   0x0000000000000270       0x84 .pio/build/SAFETY_DELAYED_ATTACH_4000MS/src/fan_tach.o
 .debug_frame   0x00000000000002f4       0x48 .pio/build/SAFETY_DELAYED_ATTACH_4000MS/src/main.o
 .debug_frame   0x000000000000033c       0x40 .pio/build/SAFETY_DELAYED_ATTACH_4000MS/src/power_monitor.o
 .debug_frame   0x000000000000037c       0x28 .pio/build/SAFETY_DELAYED_ATTACH_4000MS/src/system_dfu.o
 .debug_frame   0x00000000000003a4       0x70 .pio/build/SAFETY_DELAYED_ATTACH_4000MS/src/system_status.o
 .debug_frame   0x0000000000000414      0x14c .pio/build/SAFETY_DELAYED_ATTACH_4000MS/src/usb_device.o
 .debug_frame   0x0000000000000560       0x88 .pio/build/SAFETY_DELAYED_ATTACH_4000MS/src/usb_protocol.o
 .debug_frame   0x00000000000005e8       0x90 .pio/build/SAFETY_DELAYED_ATTACH_4000MS/libFrameworkNoneOSVariant.a(ch32x035_exti.o)
 .debug_frame   0x0000000000000678      0x140 .pio/build/SAFETY_DELAYED_ATTACH_4000MS/libFrameworkNoneOSVariant.a(ch32x035_gpio.o)
 .debug_frame   0x00000000000007b8       0xf0 .pio/build/SAFETY_DELAYED_ATTACH_4000MS/libFrameworkNoneOSVariant.a(ch32x035_rcc.o)
 .debug_frame   0x00000000000008a8      0x650 .pio/build/SAFETY_DELAYED_ATTACH_4000MS/libFrameworkNoneOSVariant.a(ch32x035_tim.o)
