Archive member included to satisfy reference by file (symbol)

.pio/build/ch32x035f8u6_evt_r0_usb_ram_trace_diag/libFrameworkNoneOSVariant.a(ch32x035_exti.o)
                              .pio/build/ch32x035f8u6_evt_r0_usb_ram_trace_diag/src/fan_tach.o (EXTI_Init)
.pio/build/ch32x035f8u6_evt_r0_usb_ram_trace_diag/libFrameworkNoneOSVariant.a(ch32x035_flash.o)
                              .pio/build/ch32x035f8u6_evt_r0_usb_ram_trace_diag/src/system_bootloader.o (SystemReset_StartMode)
.pio/build/ch32x035f8u6_evt_r0_usb_ram_trace_diag/libFrameworkNoneOSVariant.a(ch32x035_gpio.o)
                              .pio/build/ch32x035f8u6_evt_r0_usb_ram_trace_diag/FrameworkNoneOSDebug/debug.o (GPIO_Init)
.pio/build/ch32x035f8u6_evt_r0_usb_ram_trace_diag/libFrameworkNoneOSVariant.a(ch32x035_rcc.o)
                              .pio/build/ch32x035f8u6_evt_r0_usb_ram_trace_diag/src/usb_device.o (RCC_AHBPeriphClockCmd)
.pio/build/ch32x035f8u6_evt_r0_usb_ram_trace_diag/libFrameworkNoneOSVariant.a(ch32x035_tim.o)
                              .pio/build/ch32x035f8u6_evt_r0_usb_ram_trace_diag/src/fan_pwm.o (TIM_TimeBaseInit)
.pio/build/ch32x035f8u6_evt_r0_usb_ram_trace_diag/libFrameworkNoneOSVariant.a(ch32x035_usart.o)
                              .pio/build/ch32x035f8u6_evt_r0_usb_ram_trace_diag/FrameworkNoneOSDebug/debug.o (USART_Init)
/Users/tangyujie/.platformio/packages/toolchain-riscv/bin/../lib/gcc/riscv-wch-elf/12.2.0/rv32imac_xw/ilp32/libgcc.a(save-restore.o)
                              .pio/build/ch32x035f8u6_evt_r0_usb_ram_trace_diag/libFrameworkNoneOSVariant.a(ch32x035_flash.o) (__riscv_save_7)
/Users/tangyujie/.platformio/packages/toolchain-riscv/bin/../lib/gcc/riscv-wch-elf/12.2.0/../../../../riscv-wch-elf/lib/rv32imac_xw/ilp32/libg_nano.a(lib_a-memcpy-asm.o)
                              .pio/build/ch32x035f8u6_evt_r0_usb_ram_trace_diag/src/usb_device.o (memcpy)
/Users/tangyujie/.platformio/packages/toolchain-riscv/bin/../lib/gcc/riscv-wch-elf/12.2.0/../../../../riscv-wch-elf/lib/rv32imac_xw/ilp32/libg_nano.a(lib_a-memset.o)
                              .pio/build/ch32x035f8u6_evt_r0_usb_ram_trace_diag/src/usb_device.o (memset)

Discarded input sections

 .text          0x0000000000000000        0x0 .pio/build/ch32x035f8u6_evt_r0_usb_ram_trace_diag/FrameworkNoneOSCore/core_riscv.o
 .data          0x0000000000000000        0x0 .pio/build/ch32x035f8u6_evt_r0_usb_ram_trace_diag/FrameworkNoneOSCore/core_riscv.o
 .bss           0x0000000000000000        0x0 .pio/build/ch32x035f8u6_evt_r0_usb_ram_trace_diag/FrameworkNoneOSCore/core_riscv.o
 .text.__get_MSTATUS
                0x0000000000000000        0x6 .pio/build/ch32x035f8u6_evt_r0_usb_ram_trace_diag/FrameworkNoneOSCore/core_riscv.o
 .text.__set_MSTATUS
                0x0000000000000000        0x6 .pio/build/ch32x035f8u6_evt_r0_usb_ram_trace_diag/FrameworkNoneOSCore/core_riscv.o
 .text.__get_MISA
                0x0000000000000000        0x6 .pio/build/ch32x035f8u6_evt_r0_usb_ram_trace_diag/FrameworkNoneOSCore/core_riscv.o
 .text.__set_MISA
                0x0000000000000000        0x6 .pio/build/ch32x035f8u6_evt_r0_usb_ram_trace_diag/FrameworkNoneOSCore/core_riscv.o
 .text.__get_MTVEC
                0x0000000000000000        0x6 .pio/build/ch32x035f8u6_evt_r0_usb_ram_trace_diag/FrameworkNoneOSCore/core_riscv.o
 .text.__set_MTVEC
                0x0000000000000000        0x6 .pio/build/ch32x035f8u6_evt_r0_usb_ram_trace_diag/FrameworkNoneOSCore/core_riscv.o
 .text.__get_MSCRATCH
                0x0000000000000000        0x6 .pio/build/ch32x035f8u6_evt_r0_usb_ram_trace_diag/FrameworkNoneOSCore/core_riscv.o
 .text.__set_MSCRATCH
                0x0000000000000000        0x6 .pio/build/ch32x035f8u6_evt_r0_usb_ram_trace_diag/FrameworkNoneOSCore/core_riscv.o
 .text.__get_MEPC
                0x0000000000000000        0x6 .pio/build/ch32x035f8u6_evt_r0_usb_ram_trace_diag/FrameworkNoneOSCore/core_riscv.o
 .text.__set_MEPC
                0x0000000000000000        0x6 .pio/build/ch32x035f8u6_evt_r0_usb_ram_trace_diag/FrameworkNoneOSCore/core_riscv.o
 .text.__get_MCAUSE
                0x0000000000000000        0x6 .pio/build/ch32x035f8u6_evt_r0_usb_ram_trace_diag/FrameworkNoneOSCore/core_riscv.o
 .text.__set_MCAUSE
                0x0000000000000000        0x6 .pio/build/ch32x035f8u6_evt_r0_usb_ram_trace_diag/FrameworkNoneOSCore/core_riscv.o
 .text.__get_MTVAL
                0x0000000000000000        0x6 .pio/build/ch32x035f8u6_evt_r0_usb_ram_trace_diag/FrameworkNoneOSCore/core_riscv.o
 .text.__set_MTVAL
                0x0000000000000000        0x6 .pio/build/ch32x035f8u6_evt_r0_usb_ram_trace_diag/FrameworkNoneOSCore/core_riscv.o
 .text.__get_MVENDORID
                0x0000000000000000        0x6 .pio/build/ch32x035f8u6_evt_r0_usb_ram_trace_diag/FrameworkNoneOSCore/core_riscv.o
 .text.__get_MARCHID
                0x0000000000000000        0x6 .pio/build/ch32x035f8u6_evt_r0_usb_ram_trace_diag/FrameworkNoneOSCore/core_riscv.o
 .text.__get_MIMPID
[...]
Memory Configuration

Name             Origin             Length             Attributes
FLASH            0x0000000000002000 0x000000000000d800 xr
RAM              0x0000000020000000 0x0000000000004ff0 xrw
*default*        0x0000000000000000 0xffffffffffffffff

Linker script and memory map

LOAD .pio/build/ch32x035f8u6_evt_r0_usb_ram_trace_diag/FrameworkNoneOSCore/core_riscv.o
LOAD .pio/build/ch32x035f8u6_evt_r0_usb_ram_trace_diag/ProjectStartup/startup_ch32x035.o
LOAD .pio/build/ch32x035f8u6_evt_r0_usb_ram_trace_diag/FrameworkNoneOSSSystem/system_ch32x035.o
LOAD .pio/build/ch32x035f8u6_evt_r0_usb_ram_trace_diag/FrameworkNoneOSDebug/debug.o
LOAD .pio/build/ch32x035f8u6_evt_r0_usb_ram_trace_diag/FrameworkInitFini/cpp_support.o
LOAD .pio/build/ch32x035f8u6_evt_r0_usb_ram_trace_diag/src/debug_test.o
LOAD .pio/build/ch32x035f8u6_evt_r0_usb_ram_trace_diag/src/failsafe.o
LOAD .pio/build/ch32x035f8u6_evt_r0_usb_ram_trace_diag/src/fan_controller.o
LOAD .pio/build/ch32x035f8u6_evt_r0_usb_ram_trace_diag/src/fan_pwm.o
LOAD .pio/build/ch32x035f8u6_evt_r0_usb_ram_trace_diag/src/fan_tach.o
LOAD .pio/build/ch32x035f8u6_evt_r0_usb_ram_trace_diag/src/main.o
LOAD .pio/build/ch32x035f8u6_evt_r0_usb_ram_trace_diag/src/power_monitor.o
LOAD .pio/build/ch32x035f8u6_evt_r0_usb_ram_trace_diag/src/system_bootloader.o
LOAD .pio/build/ch32x035f8u6_evt_r0_usb_ram_trace_diag/src/system_dfu.o
LOAD .pio/build/ch32x035f8u6_evt_r0_usb_ram_trace_diag/src/system_status.o
LOAD .pio/build/ch32x035f8u6_evt_r0_usb_ram_trace_diag/src/usb_device.o
LOAD .pio/build/ch32x035f8u6_evt_r0_usb_ram_trace_diag/src/usb_protocol.o
LOAD .pio/build/ch32x035f8u6_evt_r0_usb_ram_trace_diag/src/usb_trace.o
START GROUP
LOAD /Users/tangyujie/.platformio/packages/toolchain-riscv/bin/../lib/gcc/riscv-wch-elf/12.2.0/../../../../riscv-wch-elf/lib/rv32imac_xw/ilp32/libm_nano.a
LOAD .pio/build/ch32x035f8u6_evt_r0_usb_ram_trace_diag/libFrameworkNoneOSVariant.a
END GROUP
LOAD /Users/tangyujie/.platformio/packages/toolchain-riscv/bin/../lib/gcc/riscv-wch-elf/12.2.0/rv32imac_xw/ilp32/libgcc.a
LOAD /Users/tangyujie/.platformio/packages/toolchain-riscv/bin/../lib/gcc/riscv-wch-elf/12.2.0/../../../../riscv-wch-elf/lib/rv32imac_xw/ilp32/libg_nano.a
LOAD /Users/tangyujie/.platformio/packages/toolchain-riscv/bin/../lib/gcc/riscv-wch-elf/12.2.0/../../../../riscv-wch-elf/lib/rv32imac_xw/ilp32/libc_nano.a
LOAD /Users/tangyujie/.platformio/packages/toolchain-riscv/bin/../lib/gcc/riscv-wch-elf/12.2.0/rv32imac_xw/ilp32/libgcc.a
START GROUP
LOAD /Users/tangyujie/.platformio/packages/toolchain-riscv/bin/../lib/gcc/riscv-wch-elf/12.2.0/rv32imac_xw/ilp32/libgcc.a
LOAD /Users/tangyujie/.platformio/packages/toolchain-riscv/bin/../lib/gcc/riscv-wch-elf/12.2.0/../../../../riscv-wch-elf/lib/rv32imac_xw/ilp32/libc_nano.a
LOAD /Users/tangyujie/.platformio/packages/toolchain-riscv/bin/../lib/gcc/riscv-wch-elf/12.2.0/../../../../riscv-wch-elf/lib/rv32imac_xw/ilp32/libnosys.a
END GROUP
START GROUP
LOAD /Users/tangyujie/.platformio/packages/toolchain-riscv/bin/../lib/gcc/riscv-wch-elf/12.2.0/rv32imac_xw/ilp32/libgcc.a
LOAD /Users/tangyujie/.platformio/packages/toolchain-riscv/bin/../lib/gcc/riscv-wch-elf/12.2.0/../../../../riscv-wch-elf/lib/rv32imac_xw/ilp32/libc_nano.a
LOAD /Users/tangyujie/.platformio/packages/toolchain-riscv/bin/../lib/gcc/riscv-wch-elf/12.2.0/../../../../riscv-wch-elf/lib/rv32imac_xw/ilp32/libnosys.a
END GROUP
                0x0000000000000800                __stack_size = 0x800
                [!provide]                        PROVIDE (_stack_size = __stack_size)

.init           0x0000000000002000        0x4
                0x0000000000002000                . = ALIGN (0x4)
 *(SORT_NONE(.init))
 .init          0x0000000000002000        0x4 .pio/build/ch32x035f8u6_evt_r0_usb_ram_trace_diag/ProjectStartup/startup_ch32x035.o
                0x0000000000002000                _start
                0x0000000000002004                . = ALIGN (0x4)

.vector         0x0000000000002004       0xfc
 *(.vector)
 .vector        0x0000000000002004       0xdc .pio/build/ch32x035f8u6_evt_r0_usb_ram_trace_diag/ProjectStartup/startup_ch32x035.o
                0x0000000000002100                . = ALIGN (0x40)
 *fill*         0x00000000000020e0       0x20 

.text           0x0000000000002100     0x1728
                0x0000000000002100                . = ALIGN (0x4)
 *(.text)
 .text          0x0000000000002100       0x60 /Users/tangyujie/.platformio/packages/toolchain-riscv/bin/../lib/gcc/riscv-wch-elf/12.2.0/rv32imac_xw/ilp32/libgcc.a(save-restore.o)
                0x0000000000002100                __riscv_save_12
                0x0000000000002108                __riscv_save_10
                0x0000000000002108                __riscv_save_8
                0x0000000000002108                __riscv_save_11
                0x0000000000002108                __riscv_save_9
                0x0000000000002116                __riscv_save_4
                0x0000000000002116                __riscv_save_7
                0x0000000000002116                __riscv_save_6
                0x0000000000002116                __riscv_save_5
                0x0000000000002130                __riscv_save_3
                0x0000000000002130                __riscv_save_2
                0x0000000000002130                __riscv_save_0
                0x0000000000002130                __riscv_save_1
                0x000000000000213c                __riscv_restore_12
                0x0000000000002140                __riscv_restore_8
                0x0000000000002140                __riscv_restore_10
                0x0000000000002140                __riscv_restore_9
                0x0000000000002140                __riscv_restore_11
                0x000000000000214a                __riscv_restore_5
                0x000000000000214a                __riscv_restore_7
                0x000000000000214a                __riscv_restore_4
                0x000000000000214a                __riscv_restore_6
                0x0000000000002154                __riscv_restore_3
                0x0000000000002154                __riscv_restore_1
                0x0000000000002154                __riscv_restore_0
                0x0000000000002154                __riscv_restore_2
 .text          0x0000000000002160       0x16 /Users/tangyujie/.platformio/packages/toolchain-riscv/bin/../lib/gcc/riscv-wch-elf/12.2.0/../../../../riscv-wch-elf/lib/rv32imac_xw/ilp32/libg_nano.a(lib_a-memcpy-asm.o)
                0x0000000000002160                memcpy
 .text          0x0000000000002176       0x10 /Users/tangyujie/.platformio/packages/toolchain-riscv/bin/../lib/gcc/riscv-wch-elf/12.2.0/../../../../riscv-wch-elf/lib/rv32imac_xw/ilp32/libg_nano.a(lib_a-memset.o)
                0x0000000000002176                memset
 *(.text.*)
 .text.vector_handler
                0x0000000000002186        0x2 .pio/build/ch32x035f8u6_evt_r0_usb_ram_trace_diag/ProjectStartup/startup_ch32x035.o
                0x0000000000002186                I2C1_ER_IRQHandler
                0x0000000000002186                TIM2_UP_IRQHandler
                0x0000000000002186                USBPD_IRQHandler
                0x0000000000002186                PVD_IRQHandler
                0x0000000000002186                EXTI25_16_IRQHandler
                0x0000000000002186                Break_Point_Handler
                0x0000000000002186                TIM2_TRG_COM_IRQHandler
                0x0000000000002186                TIM2_CC_IRQHandler
                0x0000000000002186                SPI1_IRQHandler
                0x0000000000002186                AWU_IRQHandler
                0x0000000000002186                Ecall_M_Mode_Handler
                0x0000000000002186                DMA1_Channel4_IRQHandler
                0x0000000000002186                ADC1_IRQHandler
                0x0000000000002186                TIM2_BRK_IRQHandler
                0x0000000000002186                USART3_IRQHandler
                0x0000000000002186                DMA1_Channel7_IRQHandler
                0x0000000000002186                USBPDWakeUp_IRQHandler
                0x0000000000002186                EXTI15_8_IRQHandler
                0x0000000000002186                I2C1_EV_IRQHandler
                0x0000000000002186                USART4_IRQHandler
                0x0000000000002186                DMA1_Channel6_IRQHandler
                0x0000000000002186                TIM3_IRQHandler
                0x0000000000002186                TIM1_TRG_COM_IRQHandler
                0x0000000000002186                DMA1_Channel1_IRQHandler
                0x0000000000002186                DMA1_Channel8_IRQHandler
                0x0000000000002186                PIOC_IRQHandler
                0x0000000000002186                DMA1_Channel5_IRQHandler
                0x0000000000002186                DMA1_Channel3_IRQHandler
                0x0000000000002186                TIM1_UP_IRQHandler
                0x0000000000002186                WWDG_IRQHandler
                0x0000000000002186                Ecall_U_Mode_Handler
                0x0000000000002186                SW_Handler
                0x0000000000002186                TIM1_BRK_IRQHandler
                0x0000000000002186                OPA_IRQHandler
                0x0000000000002186                USART2_IRQHandler
                0x0000000000002186                DMA1_Channel2_IRQHandler
                0x0000000000002186                FLASH_IRQHandler
                0x0000000000002186                USBFSWakeUp_IRQHandler
                0x0000000000002186                USART1_IRQHandler
                0x0000000000002186                TIM1_CC_IRQHandler
 .text.handle_reset
                0x0000000000002188       0x86 .pio/build/ch32x035f8u6_evt_r0_usb_ram_trace_diag/ProjectStartup/startup_ch32x035.o
                0x0000000000002188                handle_reset
 .text.SystemInit
                0x000000000000220e       0x42 .pio/build/ch32x035f8u6_evt_r0_usb_ram_trace_diag/FrameworkNoneOSSSystem/system_ch32x035.o
                0x000000000000220e                SystemInit
 .text.SystemCoreClockUpdate
                0x0000000000002250       0x3c .pio/build/ch32x035f8u6_evt_r0_usb_ram_trace_diag/FrameworkNoneOSSSystem/system_ch32x035.o
                0x0000000000002250                SystemCoreClockUpdate
 .text._fini    0x000000000000228c        0x2 .pio/build/ch32x035f8u6_evt_r0_usb_ram_trace_diag/FrameworkInitFini/cpp_support.o
                0x000000000000228c                _fini
 .text._init    0x000000000000228e        0x2 .pio/build/ch32x035f8u6_evt_r0_usb_ram_trace_diag/FrameworkInitFini/cpp_support.o
                0x000000000000228e                _init
 .text.failsafe_host_activity
                0x0000000000002290       0x32 .pio/build/ch32x035f8u6_evt_r0_usb_ram_trace_diag/src/failsafe.o
                0x0000000000002290                failsafe_host_activity
 .text.failsafe_is_active
                0x00000000000022c2        0x6 .pio/build/ch32x035f8u6_evt_r0_usb_ram_trace_diag/src/failsafe.o
                0x00000000000022c2                failsafe_is_active
 .text.failsafe_get_state
                0x00000000000022c8        0x6 .pio/build/ch32x035f8u6_evt_r0_usb_ram_trace_diag/src/failsafe.o
                0x00000000000022c8                failsafe_get_state
 .text.failsafe_set_duty
                0x00000000000022ce       0x2c .pio/build/ch32x035f8u6_evt_r0_usb_ram_trace_diag/src/failsafe.o
                0x00000000000022ce                failsafe_set_duty
 .text.failsafe_init
                0x00000000000022fa       0x1e .pio/build/ch32x035f8u6_evt_r0_usb_ram_trace_diag/src/failsafe.o
                0x00000000000022fa                failsafe_init
 .text.fan_controller_init
                0x0000000000002318       0x16 .pio/build/ch32x035f8u6_evt_r0_usb_ram_trace_diag/src/fan_controller.o
                0x0000000000002318                fan_controller_init
 .text.fan_controller_update
                0x000000000000232e        0x2 .pio/build/ch32x035f8u6_evt_r0_usb_ram_trace_diag/src/fan_controller.o
                0x000000000000232e                fan_controller_update
 .text.fan_controller_set_duty
                0x0000000000002330       0x1c .pio/build/ch32x035f8u6_evt_r0_usb_ram_trace_diag/src/fan_controller.o
                0x0000000000002330                fan_controller_set_duty
 .text.fan_controller_get_duty
                0x000000000000234c        0x2 .pio/build/ch32x035f8u6_evt_r0_usb_ram_trace_diag/src/fan_controller.o
                0x000000000000234c                fan_controller_get_duty
 .text.fan_controller_get_rpm
                0x000000000000234e        0x2 .pio/build/ch32x035f8u6_evt_r0_usb_ram_trace_diag/src/fan_controller.o
                0x000000000000234e                fan_controller_get_rpm
 .text.fan_controller_enable
                0x0000000000002350        0x8 .pio/build/ch32x035f8u6_evt_r0_usb_ram_trace_diag/src/fan_controller.o
                0x0000000000002350                fan_controller_enable
 .text.fan_controller_disable
                0x0000000000002358        0x8 .pio/build/ch32x035f8u6_evt_r0_usb_ram_trace_diag/src/fan_controller.o
                0x0000000000002358                fan_controller_disable
 .text.fan_controller_is_enabled
                0x0000000000002360        0xa .pio/build/ch32x035f8u6_evt_r0_usb_ram_trace_diag/src/fan_controller.o
                0x0000000000002360                fan_controller_is_enabled
 .text.fan_controller_set_mode
                0x000000000000236a       0x16 .pio/build/ch32x035f8u6_evt_r0_usb_ram_trace_diag/src/fan_controller.o
                0x000000000000236a                fan_controller_set_mode
 .text.fan_controller_get_mode
                0x0000000000002380        0x6 .pio/build/ch32x035f8u6_evt_r0_usb_ram_trace_diag/src/fan_controller.o
                0x0000000000002380                fan_controller_get_mode
 .text.fan_controller_set_curve
                0x0000000000002386       0x36 .pio/build/ch32x035f8u6_evt_r0_usb_ram_trace_diag/src/fan_controller.o
                0x0000000000002386                fan_controller_set_curve
 .text.fan_pwm_set_duty
                0x00000000000023bc       0x3c .pio/build/ch32x035f8u6_evt_r0_usb_ram_trace_diag/src/fan_pwm.o
                0x00000000000023bc                fan_pwm_set_duty
 .text.fan_pwm_init
                0x00000000000023f8       0xb8 .pio/build/ch32x035f8u6_evt_r0_usb_ram_trace_diag/src/fan_pwm.o
                0x00000000000023f8                fan_pwm_init
 .text.fan_pwm_get_duty
                0x00000000000024b0        0x6 .pio/build/ch32x035f8u6_evt_r0_usb_ram_trace_diag/src/fan_pwm.o
                0x00000000000024b0                fan_pwm_get_duty
 .text.EXTI7_0_IRQHandler
                0x00000000000024b6       0x1c .pio/build/ch32x035f8u6_evt_r0_usb_ram_trace_diag/src/fan_tach.o
                0x00000000000024b6                EXTI7_0_IRQHandler
 .text.fan_tach_init
                0x00000000000024d2       0x66 .pio/build/ch32x035f8u6_evt_r0_usb_ram_trace_diag/src/fan_tach.o
                0x00000000000024d2                fan_tach_init
 .text.fan_tach_update
                0x0000000000002538       0x44 .pio/build/ch32x035f8u6_evt_r0_usb_ram_trace_diag/src/fan_tach.o
                0x0000000000002538                fan_tach_update
 .text.fan_tach_get_rpm
                0x000000000000257c        0x6 .pio/build/ch32x035f8u6_evt_r0_usb_ram_trace_diag/src/fan_tach.o
                0x000000000000257c                fan_tach_get_rpm
 .text.startup.main
                0x0000000000002582       0x28 .pio/build/ch32x035f8u6_evt_r0_usb_ram_trace_diag/src/main.o
                0x0000000000002582                main
 .text.NMI_Handler
                0x00000000000025aa        0x4 .pio/build/ch32x035f8u6_evt_r0_usb_ram_trace_diag/src/main.o
                0x00000000000025aa                NMI_Handler
 .text.HardFault_Handler
                0x00000000000025ae        0x2 .pio/build/ch32x035f8u6_evt_r0_usb_ram_trace_diag/src/main.o
                0x00000000000025ae                HardFault_Handler
 .text.power_monitor_init
                0x00000000000025b0        0x6 .pio/build/ch32x035f8u6_evt_r0_usb_ram_trace_diag/src/power_monitor.o
                0x00000000000025b0                power_monitor_init
 .text.power_monitor_update
                0x00000000000025b6        0x2 .pio/build/ch32x035f8u6_evt_r0_usb_ram_trace_diag/src/power_monitor.o
                0x00000000000025b6                power_monitor_update
 .text.power_monitor_has_fault
                0x00000000000025b8        0x6 .pio/build/ch32x035f8u6_evt_r0_usb_ram_trace_diag/src/power_monitor.o
                0x00000000000025b8                power_monitor_has_fault
 .text.system_request_dfu
                0x00000000000025be       0x30 .pio/build/ch32x035f8u6_evt_r0_usb_ram_trace_diag/src/system_dfu.o
                0x00000000000025be                system_request_dfu
 .text.system_millis
                0x00000000000025ee        0x6 .pio/build/ch32x035f8u6_evt_r0_usb_ram_trace_diag/src/system_status.o
                0x00000000000025ee                system_millis
 .text.SysTick_Handler
                0x00000000000025f4       0x16 .pio/build/ch32x035f8u6_evt_r0_usb_ram_trace_diag/src/system_status.o
                0x00000000000025f4                SysTick_Handler
 .text.system_status_init
                0x000000000000260a       0x4c .pio/build/ch32x035f8u6_evt_r0_usb_ram_trace_diag/src/system_status.o
                0x000000000000260a                system_status_init
 .text.system_status_update
                0x0000000000002656       0x40 .pio/build/ch32x035f8u6_evt_r0_usb_ram_trace_diag/src/system_status.o
                0x0000000000002656                system_status_update
 .text.system_status_get
                0x0000000000002696        0x6 .pio/build/ch32x035f8u6_evt_r0_usb_ram_trace_diag/src/system_status.o
                0x0000000000002696                system_status_get
 .text.string_descriptor
                0x000000000000269c       0x5a .pio/build/ch32x035f8u6_evt_r0_usb_ram_trace_diag/src/usb_device.o
 .text.endpoint_init
                0x00000000000026f6       0x34 .pio/build/ch32x035f8u6_evt_r0_usb_ram_trace_diag/src/usb_device.o
 .text.usb_gpio_init
                0x000000000000272a       0x36 .pio/build/ch32x035f8u6_evt_r0_usb_ram_trace_diag/src/usb_device.o
 .text.usb_attach_diag_start
                0x0000000000002760      0x15a .pio/build/ch32x035f8u6_evt_r0_usb_ram_trace_diag/src/usb_device.o
                0x0000000000002760                usb_attach_diag_start
 .text.USBFS_IRQHandler
                0x00000000000028ba      0x446 .pio/build/ch32x035f8u6_evt_r0_usb_ram_trace_diag/src/usb_device.o
                0x00000000000028ba                USBFS_IRQHandler
 .text.usb_device_init
                0x0000000000002d00       0x30 .pio/build/ch32x035f8u6_evt_r0_usb_ram_trace_diag/src/usb_device.o
                0x0000000000002d00                usb_device_init
 .text.usb_enum_trace_task
                0x0000000000002d30        0x2 .pio/build/ch32x035f8u6_evt_r0_usb_ram_trace_diag/src/usb_device.o
                0x0000000000002d30                usb_enum_trace_task
 .text.usb_device_send_report
                0x0000000000002d32       0x64 .pio/build/ch32x035f8u6_evt_r0_usb_ram_trace_diag/src/usb_device.o
                0x0000000000002d32                usb_device_send_report
 .text.usb_device_receive_report
                0x0000000000002d96       0x3a .pio/build/ch32x035f8u6_evt_r0_usb_ram_trace_diag/src/usb_device.o
                0x0000000000002d96                usb_device_receive_report
 .text.usb_device_task
                0x0000000000002dd0      0x1f8 .pio/build/ch32x035f8u6_evt_r0_usb_ram_trace_diag/src/usb_device.o
                0x0000000000002dd0                usb_device_task
 .text.usb_device_is_configured
                0x0000000000002fc8        0x6 .pio/build/ch32x035f8u6_evt_r0_usb_ram_trace_diag/src/usb_device.o
                0x0000000000002fc8                usb_device_is_configured
 .text.set_duty_command
                0x0000000000002fce       0x40 .pio/build/ch32x035f8u6_evt_r0_usb_ram_trace_diag/src/usb_protocol.o
 .text.usb_protocol_init
                0x000000000000300e        0x6 .pio/build/ch32x035f8u6_evt_r0_usb_ram_trace_diag/src/usb_protocol.o
                0x000000000000300e                usb_protocol_init
 .text.usb_protocol_process
                0x0000000000003014      0x274 .pio/build/ch32x035f8u6_evt_r0_usb_ram_trace_diag/src/usb_protocol.o
                0x0000000000003014                usb_protocol_process
 .text.usb_protocol_dfu_pending
                0x0000000000003288        0x6 .pio/build/ch32x035f8u6_evt_r0_usb_ram_trace_diag/src/usb_protocol.o
                0x0000000000003288                usb_protocol_dfu_pending
 .text.usb_trace_store
                0x000000000000328e       0xb4 .pio/build/ch32x035f8u6_evt_r0_usb_ram_trace_diag/src/usb_trace.o
 .text.usb_trace_init
                0x0000000000003342        0xe .pio/build/ch32x035f8u6_evt_r0_usb_ram_trace_diag/src/usb_trace.o
                0x0000000000003342                usb_trace_init
 .text.usb_trace_log
                0x0000000000003350        0x4 .pio/build/ch32x035f8u6_evt_r0_usb_ram_trace_diag/src/usb_trace.o
                0x0000000000003350                usb_trace_log
 .text.usb_trace_log_setup
                0x0000000000003354        0x2 .pio/build/ch32x035f8u6_evt_r0_usb_ram_trace_diag/src/usb_trace.o
                0x0000000000003354                usb_trace_log_setup
 .text.usb_trace_freeze
                0x0000000000003356        0x8 .pio/build/ch32x035f8u6_evt_r0_usb_ram_trace_diag/src/usb_trace.o
                0x0000000000003356                usb_trace_freeze
 .text.EXTI_Init
                0x000000000000335e       0x62 .pio/build/ch32x035f8u6_evt_r0_usb_ram_trace_diag/libFrameworkNoneOSVariant.a(ch32x035_exti.o)
                0x000000000000335e                EXTI_Init
 .text.EXTI_GetITStatus
                0x00000000000033c0       0x1a .pio/build/ch32x035f8u6_evt_r0_usb_ram_trace_diag/libFrameworkNoneOSVariant.a(ch32x035_exti.o)
                0x00000000000033c0                EXTI_GetITStatus
 .text.EXTI_ClearITPendingBit
                0x00000000000033da        0xc .pio/build/ch32x035f8u6_evt_r0_usb_ram_trace_diag/libFrameworkNoneOSVariant.a(ch32x035_exti.o)
                0x00000000000033da                EXTI_ClearITPendingBit
 .text.GPIO_Init
                0x00000000000033e6      0x18c .pio/build/ch32x035f8u6_evt_r0_usb_ram_trace_diag/libFrameworkNoneOSVariant.a(ch32x035_gpio.o)
                0x00000000000033e6                GPIO_Init
 .text.GPIO_EXTILineConfig
                0x0000000000003572       0x2c .pio/build/ch32x035f8u6_evt_r0_usb_ram_trace_diag/libFrameworkNoneOSVariant.a(ch32x035_gpio.o)
                0x0000000000003572                GPIO_EXTILineConfig
 .text.RCC_AHBPeriphClockCmd
                0x000000000000359e       0x1e .pio/build/ch32x035f8u6_evt_r0_usb_ram_trace_diag/libFrameworkNoneOSVariant.a(ch32x035_rcc.o)
                0x000000000000359e                RCC_AHBPeriphClockCmd
 .text.RCC_APB2PeriphClockCmd
                0x00000000000035bc       0x1e .pio/build/ch32x035f8u6_evt_r0_usb_ram_trace_diag/libFrameworkNoneOSVariant.a(ch32x035_rcc.o)
                0x00000000000035bc                RCC_APB2PeriphClockCmd
 .text.RCC_APB1PeriphClockCmd
                0x00000000000035da       0x1e .pio/build/ch32x035f8u6_evt_r0_usb_ram_trace_diag/libFrameworkNoneOSVariant.a(ch32x035_rcc.o)
                0x00000000000035da                RCC_APB1PeriphClockCmd
 .text.TIM_TimeBaseInit
                0x00000000000035f8       0x56 .pio/build/ch32x035f8u6_evt_r0_usb_ram_trace_diag/libFrameworkNoneOSVariant.a(ch32x035_tim.o)
                0x00000000000035f8                TIM_TimeBaseInit
 .text.TIM_OC1Init
                0x000000000000364e       0x72 .pio/build/ch32x035f8u6_evt_r0_usb_ram_trace_diag/libFrameworkNoneOSVariant.a(ch32x035_tim.o)
                0x000000000000364e                TIM_OC1Init
 .text.TIM_Cmd  0x00000000000036c0       0x18 .pio/build/ch32x035f8u6_evt_r0_usb_ram_trace_diag/libFrameworkNoneOSVariant.a(ch32x035_tim.o)
                0x00000000000036c0                TIM_Cmd
 .text.TIM_CtrlPWMOutputs
                0x00000000000036d8       0x16 .pio/build/ch32x035f8u6_evt_r0_usb_ram_trace_diag/libFrameworkNoneOSVariant.a(ch32x035_tim.o)
                0x00000000000036d8                TIM_CtrlPWMOutputs
 .text.TIM_ARRPreloadConfig
                0x00000000000036ee       0x1a .pio/build/ch32x035f8u6_evt_r0_usb_ram_trace_diag/libFrameworkNoneOSVariant.a(ch32x035_tim.o)
                0x00000000000036ee                TIM_ARRPreloadConfig
 .text.TIM_OC1PreloadConfig
                0x0000000000003708        0xe .pio/build/ch32x035f8u6_evt_r0_usb_ram_trace_diag/libFrameworkNoneOSVariant.a(ch32x035_tim.o)
                0x0000000000003708                TIM_OC1PreloadConfig
 .text.TIM_SetCompare1
                0x0000000000003716        0x4 .pio/build/ch32x035f8u6_evt_r0_usb_ram_trace_diag/libFrameworkNoneOSVariant.a(ch32x035_tim.o)
                0x0000000000003716                TIM_SetCompare1
 *(.rodata)
 *(.rodata*)
 *fill*         0x000000000000371a        0x2 
 .rodata.USBFS_IRQHandler.str1.4
                0x000000000000371c       0x23 .pio/build/ch32x035f8u6_evt_r0_usb_ram_trace_diag/src/usb_device.o
 *fill*         0x000000000000373f        0x1 
 .rodata.USBFS_IRQHandler
                0x0000000000003740       0x5c .pio/build/ch32x035f8u6_evt_r0_usb_ram_trace_diag/src/usb_device.o
 .rodata.configuration_descriptor
                0x000000000000379c       0x29 .pio/build/ch32x035f8u6_evt_r0_usb_ram_trace_diag/src/usb_device.o
 *fill*         0x00000000000037c5        0x3 
 .rodata.report_descriptor
                0x00000000000037c8       0x19 .pio/build/ch32x035f8u6_evt_r0_usb_ram_trace_diag/src/usb_device.o
 *fill*         0x00000000000037e1        0x3 
 .rodata.device_descriptor
                0x00000000000037e4       0x12 .pio/build/ch32x035f8u6_evt_r0_usb_ram_trace_diag/src/usb_device.o
 *fill*         0x00000000000037f6        0x2 
 .rodata.usb_protocol_process
                0x00000000000037f8       0x30 .pio/build/ch32x035f8u6_evt_r0_usb_ram_trace_diag/src/usb_protocol.o
 *(.gnu.linkonce.t.*)
                0x0000000000003828                . = ALIGN (0x4)

.srodata.lang_descriptor
                0x0000000000003828        0x4
 .srodata.lang_descriptor
                0x0000000000003828        0x4 .pio/build/ch32x035f8u6_evt_r0_usb_ram_trace_diag/src/usb_device.o

.rela.dyn       0x000000000000382c        0x0
 .rela.init     0x000000000000382c        0x0 .pio/build/ch32x035f8u6_evt_r0_usb_ram_trace_diag/ProjectStartup/startup_ch32x035.o
 .rela.vector   0x000000000000382c        0x0 .pio/build/ch32x035f8u6_evt_r0_usb_ram_trace_diag/ProjectStartup/startup_ch32x035.o
 .rela.text.handle_reset
                0x000000000000382c        0x0 .pio/build/ch32x035f8u6_evt_r0_usb_ram_trace_diag/ProjectStartup/startup_ch32x035.o

.fini           0x000000000000382c        0x0
 *(SORT_NONE(.fini))
                0x000000000000382c                . = ALIGN (0x4)
                [!provide]                        PROVIDE (_etext = .)

.preinit_array  0x000000000000382c        0x0
                [!provide]                        PROVIDE (__preinit_array_start = .)
 *(.preinit_array)
                [!provide]                        PROVIDE (__preinit_array_end = .)

.init_array     0x000000000000382c        0x0
                [!provide]                        PROVIDE (__init_array_start = .)
 *(SORT_BY_INIT_PRIORITY(.init_array.*) SORT_BY_INIT_PRIORITY(.ctors.*))
 *(.init_array)
                [!provide]                        PROVIDE (__init_array_end = .)

.fini_array     0x000000000000382c        0x0
                [!provide]                        PROVIDE (__fini_array_start = .)
 *(SORT_BY_INIT_PRIORITY(.fini_array.*) SORT_BY_INIT_PRIORITY(.dtors.*))
 *(.fini_array)
                [!provide]                        PROVIDE (__fini_array_end = .)

.dalign         0x0000000020000000        0x0 load address 0x000000000000382c
                0x0000000020000000                . = ALIGN (0x4)
                0x0000000020000000                PROVIDE (_data_vma = .)

.dlalign        0x000000000000382c        0x0
                0x000000000000382c                . = ALIGN (0x4)
                0x000000000000382c                PROVIDE (_data_lma = .)

.data           0x0000000020000000       0x20 load address 0x000000000000382c
 *(.data .data.*)
 .data.AHBPrescTable
                0x0000000020000000       0x10 .pio/build/ch32x035f8u6_evt_r0_usb_ram_trace_diag/FrameworkNoneOSSSystem/system_ch32x035.o
                0x0000000020000000                AHBPrescTable
                0x0000000020000010                . = ALIGN (0x8)
                0x0000000020000810                PROVIDE (__global_pointer$ = (. + 0x800))
 *(.sdata .sdata.*)
 .sdata.SystemCoreClock
                0x0000000020000010        0x4 .pio/build/ch32x035f8u6_evt_r0_usb_ram_trace_diag/FrameworkNoneOSSSystem/system_ch32x035.o
                0x0000000020000010                SystemCoreClock
 .sdata.CFGHR_tmpC
                0x0000000020000014        0x4 .pio/build/ch32x035f8u6_evt_r0_usb_ram_trace_diag/libFrameworkNoneOSVariant.a(ch32x035_gpio.o)
                0x0000000020000014                CFGHR_tmpC
 .sdata.CFGHR_tmpB
                0x0000000020000018        0x4 .pio/build/ch32x035f8u6_evt_r0_usb_ram_trace_diag/libFrameworkNoneOSVariant.a(ch32x035_gpio.o)
                0x0000000020000018                CFGHR_tmpB
 .sdata.CFGHR_tmpA
                0x000000002000001c        0x4 .pio/build/ch32x035f8u6_evt_r0_usb_ram_trace_diag/libFrameworkNoneOSVariant.a(ch32x035_gpio.o)
                0x000000002000001c                CFGHR_tmpA
                0x0000000020000020                . = ALIGN (0x4)
                0x0000000020000020                PROVIDE (_edata = .)

.bss            0x0000000020000020      0x840 load address 0x000000000000384c
                0x0000000020000020                . = ALIGN (0x4)
                0x0000000020000020                PROVIDE (_sbss = .)
 *(.sbss*)
 .sbss.configured_duty
                0x0000000020000020        0x1 .pio/build/ch32x035f8u6_evt_r0_usb_ram_trace_diag/src/failsafe.o
 *fill*         0x0000000020000021        0x3 
 .sbss.last_activity
                0x0000000020000024        0x4 .pio/build/ch32x035f8u6_evt_r0_usb_ram_trace_diag/src/failsafe.o
 .sbss.host_ever_seen
                0x0000000020000028        0x1 .pio/build/ch32x035f8u6_evt_r0_usb_ram_trace_diag/src/failsafe.o
 .sbss.active   0x0000000020000029        0x1 .pio/build/ch32x035f8u6_evt_r0_usb_ram_trace_diag/src/failsafe.o
 *fill*         0x000000002000002a        0x2 
 .sbss.state    0x000000002000002c        0x4 .pio/build/ch32x035f8u6_evt_r0_usb_ram_trace_diag/src/failsafe.o
 .sbss.mode     0x0000000020000030        0x4 .pio/build/ch32x035f8u6_evt_r0_usb_ram_trace_diag/src/fan_controller.o
 .sbss.enabled  0x0000000020000034        0x1 .pio/build/ch32x035f8u6_evt_r0_usb_ram_trace_diag/src/fan_controller.o
 .sbss.duty     0x0000000020000035        0x1 .pio/build/ch32x035f8u6_evt_r0_usb_ram_trace_diag/src/fan_pwm.o
 *fill*         0x0000000020000036        0x2 
 .sbss.rpm      0x0000000020000038        0x4 .pio/build/ch32x035f8u6_evt_r0_usb_ram_trace_diag/src/fan_tach.o
 .sbss.last_measurement
                0x000000002000003c        0x4 .pio/build/ch32x035f8u6_evt_r0_usb_ram_trace_diag/src/fan_tach.o
 .sbss.last_pulses
                0x0000000020000040        0x4 .pio/build/ch32x035f8u6_evt_r0_usb_ram_trace_diag/src/fan_tach.o
 .sbss.pulses   0x0000000020000044        0x4 .pio/build/ch32x035f8u6_evt_r0_usb_ram_trace_diag/src/fan_tach.o
 .sbss.fault    0x0000000020000048        0x1 .pio/build/ch32x035f8u6_evt_r0_usb_ram_trace_diag/src/power_monitor.o
 *fill*         0x0000000020000049        0x3 
 .sbss.uptime_ms
                0x000000002000004c        0x4 .pio/build/ch32x035f8u6_evt_r0_usb_ram_trace_diag/src/system_status.o
 .sbss.usb_set_configuration_count
                0x0000000020000050        0x4 .pio/build/ch32x035f8u6_evt_r0_usb_ram_trace_diag/src/usb_device.o
                0x0000000020000050                usb_set_configuration_count
 .sbss.usb_get_string_desc_count
                0x0000000020000054        0x4 .pio/build/ch32x035f8u6_evt_r0_usb_ram_trace_diag/src/usb_device.o
                0x0000000020000054                usb_get_string_desc_count
 .sbss.usb_get_config_desc_count
                0x0000000020000058        0x4 .pio/build/ch32x035f8u6_evt_r0_usb_ram_trace_diag/src/usb_device.o
                0x0000000020000058                usb_get_config_desc_count
 .sbss.usb_set_address_count
                0x000000002000005c        0x4 .pio/build/ch32x035f8u6_evt_r0_usb_ram_trace_diag/src/usb_device.o
                0x000000002000005c                usb_set_address_count
 .sbss.usb_get_device_desc_count
                0x0000000020000060        0x4 .pio/build/ch32x035f8u6_evt_r0_usb_ram_trace_diag/src/usb_device.o
                0x0000000020000060                usb_get_device_desc_count
 .sbss.usb_setup_count
                0x0000000020000064        0x4 .pio/build/ch32x035f8u6_evt_r0_usb_ram_trace_diag/src/usb_device.o
                0x0000000020000064                usb_setup_count
 .sbss.usb_bus_reset_count
                0x0000000020000068        0x4 .pio/build/ch32x035f8u6_evt_r0_usb_ram_trace_diag/src/usb_device.o
                0x0000000020000068                usb_bus_reset_count
 .sbss.usb_enum_trace_config_complete
                0x000000002000006c        0x1 .pio/build/ch32x035f8u6_evt_r0_usb_ram_trace_diag/src/usb_device.o
 *fill*         0x000000002000006d        0x1 
 .sbss.usb_config_length_second_wLength
                0x000000002000006e        0x2 .pio/build/ch32x035f8u6_evt_r0_usb_ram_trace_diag/src/usb_device.o
                0x000000002000006e                usb_config_length_second_wLength
 .sbss.usb_config_length_second_wIndex
                0x0000000020000070        0x2 .pio/build/ch32x035f8u6_evt_r0_usb_ram_trace_diag/src/usb_device.o
                0x0000000020000070                usb_config_length_second_wIndex
 .sbss.usb_config_length_second_wValue
                0x0000000020000072        0x2 .pio/build/ch32x035f8u6_evt_r0_usb_ram_trace_diag/src/usb_device.o
                0x0000000020000072                usb_config_length_second_wValue
 .sbss.usb_config_length_second_bRequest
                0x0000000020000074        0x1 .pio/build/ch32x035f8u6_evt_r0_usb_ram_trace_diag/src/usb_device.o
                0x0000000020000074                usb_config_length_second_bRequest
 .sbss.usb_config_length_second_bmRequestType
                0x0000000020000075        0x1 .pio/build/ch32x035f8u6_evt_r0_usb_ram_trace_diag/src/usb_device.o
                0x0000000020000075                usb_config_length_second_bmRequestType
 .sbss.usb_config_length_first_wLength
                0x0000000020000076        0x2 .pio/build/ch32x035f8u6_evt_r0_usb_ram_trace_diag/src/usb_device.o
                0x0000000020000076                usb_config_length_first_wLength
 .sbss.usb_config_length_first_wIndex
                0x0000000020000078        0x2 .pio/build/ch32x035f8u6_evt_r0_usb_ram_trace_diag/src/usb_device.o
                0x0000000020000078                usb_config_length_first_wIndex
 .sbss.usb_config_length_first_wValue
                0x000000002000007a        0x2 .pio/build/ch32x035f8u6_evt_r0_usb_ram_trace_diag/src/usb_device.o
                0x000000002000007a                usb_config_length_first_wValue
 .sbss.usb_config_length_first_bRequest
                0x000000002000007c        0x1 .pio/build/ch32x035f8u6_evt_r0_usb_ram_trace_diag/src/usb_device.o
                0x000000002000007c                usb_config_length_first_bRequest
 .sbss.usb_config_length_first_bmRequestType
                0x000000002000007d        0x1 .pio/build/ch32x035f8u6_evt_r0_usb_ram_trace_diag/src/usb_device.o
                0x000000002000007d                usb_config_length_first_bmRequestType
 .sbss.usb_config_length_request_count
                0x000000002000007e        0x1 .pio/build/ch32x035f8u6_evt_r0_usb_ram_trace_diag/src/usb_device.o
                0x000000002000007e                usb_config_length_request_count
 .sbss.usb_config_length_set_configuration_seen
                0x000000002000007f        0x1 .pio/build/ch32x035f8u6_evt_r0_usb_ram_trace_diag/src/usb_device.o
                0x000000002000007f                usb_config_length_set_configuration_seen
 .sbss.usb_config_length_long_in_complete
                0x0000000020000080        0x1 .pio/build/ch32x035f8u6_evt_r0_usb_ram_trace_diag/src/usb_device.o
                0x0000000020000080                usb_config_length_long_in_complete
 .sbss.usb_config_length_long_request_seen
                0x0000000020000081        0x1 .pio/build/ch32x035f8u6_evt_r0_usb_ram_trace_diag/src/usb_device.o
                0x0000000020000081                usb_config_length_long_request_seen
 .sbss.usb_config_length_short_in_complete
                0x0000000020000082        0x1 .pio/build/ch32x035f8u6_evt_r0_usb_ram_trace_diag/src/usb_device.o
                0x0000000020000082                usb_config_length_short_in_complete
 .sbss.usb_config_length_request_seen
                0x0000000020000083        0x1 .pio/build/ch32x035f8u6_evt_r0_usb_ram_trace_diag/src/usb_device.o
                0x0000000020000083                usb_config_length_request_seen
 .sbss.post_address_wLength
                0x0000000020000084        0x2 .pio/build/ch32x035f8u6_evt_r0_usb_ram_trace_diag/src/usb_device.o
                0x0000000020000084                post_address_wLength
 .sbss.post_address_wIndex
                0x0000000020000086        0x2 .pio/build/ch32x035f8u6_evt_r0_usb_ram_trace_diag/src/usb_device.o
                0x0000000020000086                post_address_wIndex
 .sbss.post_address_wValue
                0x0000000020000088        0x2 .pio/build/ch32x035f8u6_evt_r0_usb_ram_trace_diag/src/usb_device.o
                0x0000000020000088                post_address_wValue
 .sbss.post_address_bmRequestType
                0x000000002000008a        0x1 .pio/build/ch32x035f8u6_evt_r0_usb_ram_trace_diag/src/usb_device.o
                0x000000002000008a                post_address_bmRequestType
 .sbss.post_address_bRequest
                0x000000002000008b        0x1 .pio/build/ch32x035f8u6_evt_r0_usb_ram_trace_diag/src/usb_device.o
                0x000000002000008b                post_address_bRequest
 .sbss.usb_post_address_setup_seen
                0x000000002000008c        0x1 .pio/build/ch32x035f8u6_evt_r0_usb_ram_trace_diag/src/usb_device.o
                0x000000002000008c                usb_post_address_setup_seen
 *fill*         0x000000002000008d        0x1 
 .sbss.usb_ep0_ctrl_after_address
                0x000000002000008e        0x2 .pio/build/ch32x035f8u6_evt_r0_usb_ram_trace_diag/src/usb_device.o
                0x000000002000008e                usb_ep0_ctrl_after_address
 .sbss.usb_ep0_rearmed_after_address
                0x0000000020000090        0x1 .pio/build/ch32x035f8u6_evt_r0_usb_ram_trace_diag/src/usb_device.o
                0x0000000020000090                usb_ep0_rearmed_after_address
 *fill*         0x0000000020000091        0x1 
 .sbss.config_runtime_ctrl_h_at_in
                0x0000000020000092        0x2 .pio/build/ch32x035f8u6_evt_r0_usb_ram_trace_diag/src/usb_device.o
                0x0000000020000092                config_runtime_ctrl_h_at_in
 .sbss.config_runtime_t_len_at_in
                0x0000000020000094        0x2 .pio/build/ch32x035f8u6_evt_r0_usb_ram_trace_diag/src/usb_device.o
                0x0000000020000094                config_runtime_t_len_at_in
 .sbss.config_runtime_int_st
                0x0000000020000096        0x1 .pio/build/ch32x035f8u6_evt_r0_usb_ram_trace_diag/src/usb_device.o
                0x0000000020000096                config_runtime_int_st
 .sbss.config_runtime_ep0_in_seen
                0x0000000020000097        0x1 .pio/build/ch32x035f8u6_evt_r0_usb_ram_trace_diag/src/usb_device.o
                0x0000000020000097                config_runtime_ep0_in_seen
 .sbss.config_runtime_ctrl_h
                0x0000000020000098        0x2 .pio/build/ch32x035f8u6_evt_r0_usb_ram_trace_diag/src/usb_device.o
                0x0000000020000098                config_runtime_ctrl_h
 .sbss.config_runtime_t_len
                0x000000002000009a        0x2 .pio/build/ch32x035f8u6_evt_r0_usb_ram_trace_diag/src/usb_device.o
                0x000000002000009a                config_runtime_t_len
 .sbss.config_runtime_remaining
                0x000000002000009c        0x2 .pio/build/ch32x035f8u6_evt_r0_usb_ram_trace_diag/src/usb_device.o
                0x000000002000009c                config_runtime_remaining
 .sbss.config_runtime_available
                0x000000002000009e        0x2 .pio/build/ch32x035f8u6_evt_r0_usb_ram_trace_diag/src/usb_device.o
                0x000000002000009e                config_runtime_available
 .sbss.config_runtime_wLength
                0x00000000200000a0        0x2 .pio/build/ch32x035f8u6_evt_r0_usb_ram_trace_diag/src/usb_device.o
                0x00000000200000a0                config_runtime_wLength
 .sbss.config_runtime_wIndex
                0x00000000200000a2        0x2 .pio/build/ch32x035f8u6_evt_r0_usb_ram_trace_diag/src/usb_device.o
                0x00000000200000a2                config_runtime_wIndex
 .sbss.config_runtime_wValue
                0x00000000200000a4        0x2 .pio/build/ch32x035f8u6_evt_r0_usb_ram_trace_diag/src/usb_device.o
                0x00000000200000a4                config_runtime_wValue
 .sbss.config_runtime_bRequest
                0x00000000200000a6        0x1 .pio/build/ch32x035f8u6_evt_r0_usb_ram_trace_diag/src/usb_device.o
                0x00000000200000a6                config_runtime_bRequest
 .sbss.config_runtime_bmRequestType
                0x00000000200000a7        0x1 .pio/build/ch32x035f8u6_evt_r0_usb_ram_trace_diag/src/usb_device.o
                0x00000000200000a7                config_runtime_bmRequestType
 .sbss.config_runtime_selected
                0x00000000200000a8        0x1 .pio/build/ch32x035f8u6_evt_r0_usb_ram_trace_diag/src/usb_device.o
                0x00000000200000a8                config_runtime_selected
 .sbss.config_runtime_seen
                0x00000000200000a9        0x1 .pio/build/ch32x035f8u6_evt_r0_usb_ram_trace_diag/src/usb_device.o
                0x00000000200000a9                config_runtime_seen
 .sbss.attach_diag_zero_event
                0x00000000200000aa        0x1 .pio/build/ch32x035f8u6_evt_r0_usb_ram_trace_diag/src/usb_device.o
 *fill*         0x00000000200000ab        0x1 
 .sbss.config_in_diag_ctrl_h
                0x00000000200000ac        0x2 .pio/build/ch32x035f8u6_evt_r0_usb_ram_trace_diag/src/usb_device.o
                0x00000000200000ac                config_in_diag_ctrl_h
 .sbss.config_in_diag_t_len
                0x00000000200000ae        0x2 .pio/build/ch32x035f8u6_evt_r0_usb_ram_trace_diag/src/usb_device.o
                0x00000000200000ae                config_in_diag_t_len
 .sbss.config_in_diag_ep0_dma
                0x00000000200000b0        0x4 .pio/build/ch32x035f8u6_evt_r0_usb_ram_trace_diag/src/usb_device.o
                0x00000000200000b0                config_in_diag_ep0_dma
 .sbss.config_in_diag_ep0_data
                0x00000000200000b4        0x4 .pio/build/ch32x035f8u6_evt_r0_usb_ram_trace_diag/src/usb_device.o
                0x00000000200000b4                config_in_diag_ep0_data
 .sbss.config_in_diag_send_length
                0x00000000200000b8        0x2 .pio/build/ch32x035f8u6_evt_r0_usb_ram_trace_diag/src/usb_device.o
                0x00000000200000b8                config_in_diag_send_length
 .sbss.config_in_diag_descriptor_length
                0x00000000200000ba        0x2 .pio/build/ch32x035f8u6_evt_r0_usb_ram_trace_diag/src/usb_device.o
                0x00000000200000ba                config_in_diag_descriptor_length
 .sbss.config_in_diag_descriptor_ptr
                0x00000000200000bc        0x4 .pio/build/ch32x035f8u6_evt_r0_usb_ram_trace_diag/src/usb_device.o
                0x00000000200000bc                config_in_diag_descriptor_ptr
 .sbss.config_in_diag_first_wLength
                0x00000000200000c0        0x2 .pio/build/ch32x035f8u6_evt_r0_usb_ram_trace_diag/src/usb_device.o
                0x00000000200000c0                config_in_diag_first_wLength
 .sbss.config_in_diag_first_wIndex
                0x00000000200000c2        0x2 .pio/build/ch32x035f8u6_evt_r0_usb_ram_trace_diag/src/usb_device.o
                0x00000000200000c2                config_in_diag_first_wIndex
 .sbss.config_in_diag_first_wValue
                0x00000000200000c4        0x2 .pio/build/ch32x035f8u6_evt_r0_usb_ram_trace_diag/src/usb_device.o
                0x00000000200000c4                config_in_diag_first_wValue
 .sbss.config_in_diag_first_bRequest
                0x00000000200000c6        0x1 .pio/build/ch32x035f8u6_evt_r0_usb_ram_trace_diag/src/usb_device.o
                0x00000000200000c6                config_in_diag_first_bRequest
 .sbss.config_in_diag_first_bmRequestType
                0x00000000200000c7        0x1 .pio/build/ch32x035f8u6_evt_r0_usb_ram_trace_diag/src/usb_device.o
                0x00000000200000c7                config_in_diag_first_bmRequestType
 .sbss.config_in_diag_first_seen
                0x00000000200000c8        0x1 .pio/build/ch32x035f8u6_evt_r0_usb_ram_trace_diag/src/usb_device.o
                0x00000000200000c8                config_in_diag_first_seen
 .sbss.config_in_diag_f_in_complete
                0x00000000200000c9        0x1 .pio/build/ch32x035f8u6_evt_r0_usb_ram_trace_diag/src/usb_device.o
                0x00000000200000c9                config_in_diag_f_in_complete
 .sbss.config_in_diag_e_in_token_seen
                0x00000000200000ca        0x1 .pio/build/ch32x035f8u6_evt_r0_usb_ram_trace_diag/src/usb_device.o
                0x00000000200000ca                config_in_diag_e_in_token_seen
 .sbss.config_in_diag_d_tx_armed
                0x00000000200000cb        0x1 .pio/build/ch32x035f8u6_evt_r0_usb_ram_trace_diag/src/usb_device.o
                0x00000000200000cb                config_in_diag_d_tx_armed
 .sbss.config_in_diag_c_dma_ready
                0x00000000200000cc        0x1 .pio/build/ch32x035f8u6_evt_r0_usb_ram_trace_diag/src/usb_device.o
                0x00000000200000cc                config_in_diag_c_dma_ready
 .sbss.config_in_diag_b_selected
                0x00000000200000cd        0x1 .pio/build/ch32x035f8u6_evt_r0_usb_ram_trace_diag/src/usb_device.o
                0x00000000200000cd                config_in_diag_b_selected
 .sbss.config_in_diag_a_seen
                0x00000000200000ce        0x1 .pio/build/ch32x035f8u6_evt_r0_usb_ram_trace_diag/src/usb_device.o
                0x00000000200000ce                config_in_diag_a_seen
 .sbss.usb_configuration_applied
                0x00000000200000cf        0x1 .pio/build/ch32x035f8u6_evt_r0_usb_ram_trace_diag/src/usb_device.o
                0x00000000200000cf                usb_configuration_applied
 .sbss.usb_set_configuration_seen
                0x00000000200000d0        0x1 .pio/build/ch32x035f8u6_evt_r0_usb_ram_trace_diag/src/usb_device.o
                0x00000000200000d0                usb_set_configuration_seen
 .sbss.usb_config_descriptor_in_complete
                0x00000000200000d1        0x1 .pio/build/ch32x035f8u6_evt_r0_usb_ram_trace_diag/src/usb_device.o
                0x00000000200000d1                usb_config_descriptor_in_complete
 .sbss.usb_get_config_descriptor_seen
                0x00000000200000d2        0x1 .pio/build/ch32x035f8u6_evt_r0_usb_ram_trace_diag/src/usb_device.o
                0x00000000200000d2                usb_get_config_descriptor_seen
 .sbss.usb_address_applied_value
                0x00000000200000d3        0x1 .pio/build/ch32x035f8u6_evt_r0_usb_ram_trace_diag/src/usb_device.o
                0x00000000200000d3                usb_address_applied_value
 .sbss.usb_set_address_value
                0x00000000200000d4        0x1 .pio/build/ch32x035f8u6_evt_r0_usb_ram_trace_diag/src/usb_device.o
                0x00000000200000d4                usb_set_address_value
 .sbss.usb_address_applied
                0x00000000200000d5        0x1 .pio/build/ch32x035f8u6_evt_r0_usb_ram_trace_diag/src/usb_device.o
                0x00000000200000d5                usb_address_applied
 .sbss.usb_set_address_seen
                0x00000000200000d6        0x1 .pio/build/ch32x035f8u6_evt_r0_usb_ram_trace_diag/src/usb_device.o
                0x00000000200000d6                usb_set_address_seen
 .sbss.usb_device_descriptor_in_complete
                0x00000000200000d7        0x1 .pio/build/ch32x035f8u6_evt_r0_usb_ram_trace_diag/src/usb_device.o
                0x00000000200000d7                usb_device_descriptor_in_complete
 .sbss.usb_device_descriptor_response_started
                0x00000000200000d8        0x1 .pio/build/ch32x035f8u6_evt_r0_usb_ram_trace_diag/src/usb_device.o
                0x00000000200000d8                usb_device_descriptor_response_started
 .sbss.usb_get_device_descriptor_seen
                0x00000000200000d9        0x1 .pio/build/ch32x035f8u6_evt_r0_usb_ram_trace_diag/src/usb_device.o
                0x00000000200000d9                usb_get_device_descriptor_seen
 .sbss.usb_setup_seen
                0x00000000200000da        0x1 .pio/build/ch32x035f8u6_evt_r0_usb_ram_trace_diag/src/usb_device.o
                0x00000000200000da                usb_setup_seen
 .sbss.usb_bus_reset_seen
                0x00000000200000db        0x1 .pio/build/ch32x035f8u6_evt_r0_usb_ram_trace_diag/src/usb_device.o
                0x00000000200000db                usb_bus_reset_seen
 .sbss.attach_diag_hold_fast
                0x00000000200000dc        0x1 .pio/build/ch32x035f8u6_evt_r0_usb_ram_trace_diag/src/usb_device.o
 .sbss.attach_diag_setup_seen
                0x00000000200000dd        0x1 .pio/build/ch32x035f8u6_evt_r0_usb_ram_trace_diag/src/usb_device.o
 .sbss.attach_diag_result_seen
                0x00000000200000de        0x1 .pio/build/ch32x035f8u6_evt_r0_usb_ram_trace_diag/src/usb_device.o
 .sbss.attach_diag_pulse_total
                0x00000000200000df        0x1 .pio/build/ch32x035f8u6_evt_r0_usb_ram_trace_diag/src/usb_device.o
 .sbss.attach_diag_pulse_index
                0x00000000200000e0        0x1 .pio/build/ch32x035f8u6_evt_r0_usb_ram_trace_diag/src/usb_device.o
 *fill*         0x00000000200000e1        0x3 
 .sbss.attach_diag_phase_ms
                0x00000000200000e4        0x4 .pio/build/ch32x035f8u6_evt_r0_usb_ram_trace_diag/src/usb_device.o
 .sbss.attach_diag_phase
                0x00000000200000e8        0x1 .pio/build/ch32x035f8u6_evt_r0_usb_ram_trace_diag/src/usb_device.o
 *fill*         0x00000000200000e9        0x3 
 .sbss.usb_ram_trace_started_ms
                0x00000000200000ec        0x4 .pio/build/ch32x035f8u6_evt_r0_usb_ram_trace_diag/src/usb_device.o
 .sbss.usb_ram_trace_collecting
                0x00000000200000f0        0x1 .pio/build/ch32x035f8u6_evt_r0_usb_ram_trace_diag/src/usb_device.o
 .sbss.control_request_code
                0x00000000200000f1        0x1 .pio/build/ch32x035f8u6_evt_r0_usb_ram_trace_diag/src/usb_device.o
 .sbss.control_remaining
                0x00000000200000f2        0x2 .pio/build/ch32x035f8u6_evt_r0_usb_ram_trace_diag/src/usb_device.o
 .sbss.control_ptr
                0x00000000200000f4        0x4 .pio/build/ch32x035f8u6_evt_r0_usb_ram_trace_diag/src/usb_device.o
 .sbss.idle_rate
                0x00000000200000f8        0x1 .pio/build/ch32x035f8u6_evt_r0_usb_ram_trace_diag/src/usb_device.o
 .sbss.protocol_mode
                0x00000000200000f9        0x1 .pio/build/ch32x035f8u6_evt_r0_usb_ram_trace_diag/src/usb_device.o
 .sbss.usb_configuration
                0x00000000200000fa        0x1 .pio/build/ch32x035f8u6_evt_r0_usb_ram_trace_diag/src/usb_device.o
 .sbss.usb_address
                0x00000000200000fb        0x1 .pio/build/ch32x035f8u6_evt_r0_usb_ram_trace_diag/src/usb_device.o
 .sbss.dfu_reset_due_ms
                0x00000000200000fc        0x4 .pio/build/ch32x035f8u6_evt_r0_usb_ram_trace_diag/src/usb_device.o
 .sbss.dfu_reset_waiting
                0x0000000020000100        0x1 .pio/build/ch32x035f8u6_evt_r0_usb_ram_trace_diag/src/usb_device.o
 .sbss.tx_done  0x0000000020000101        0x1 .pio/build/ch32x035f8u6_evt_r0_usb_ram_trace_diag/src/usb_device.o
 .sbss.tx_busy  0x0000000020000102        0x1 .pio/build/ch32x035f8u6_evt_r0_usb_ram_trace_diag/src/usb_device.o
 .sbss.out_pending
                0x0000000020000103        0x1 .pio/build/ch32x035f8u6_evt_r0_usb_ram_trace_diag/src/usb_device.o
 .sbss.configured
                0x0000000020000104        0x1 .pio/build/ch32x035f8u6_evt_r0_usb_ram_trace_diag/src/usb_device.o
 .sbss.dfu_pending
                0x0000000020000105        0x1 .pio/build/ch32x035f8u6_evt_r0_usb_ram_trace_diag/src/usb_protocol.o
 .sbss.usb_trace_frozen
                0x0000000020000106        0x1 .pio/build/ch32x035f8u6_evt_r0_usb_ram_trace_diag/src/usb_trace.o
                0x0000000020000106                usb_trace_frozen
 .sbss.usb_trace_overflow
                0x0000000020000107        0x1 .pio/build/ch32x035f8u6_evt_r0_usb_ram_trace_diag/src/usb_trace.o
                0x0000000020000107                usb_trace_overflow
 .sbss.usb_trace_count
                0x0000000020000108        0x1 .pio/build/ch32x035f8u6_evt_r0_usb_ram_trace_diag/src/usb_trace.o
                0x0000000020000108                usb_trace_count
 *(.bss*)
 *fill*         0x0000000020000109        0x3 
 .bss.status    0x000000002000010c       0x14 .pio/build/ch32x035f8u6_evt_r0_usb_ram_trace_diag/src/system_status.o
 .bss.tx_report
                0x0000000020000120       0x40 .pio/build/ch32x035f8u6_evt_r0_usb_ram_trace_diag/src/usb_device.o
 .bss.pending_out
                0x0000000020000160       0x40 .pio/build/ch32x035f8u6_evt_r0_usb_ram_trace_diag/src/usb_device.o
 .bss.ep2_out_buf
                0x00000000200001a0       0x40 .pio/build/ch32x035f8u6_evt_r0_usb_ram_trace_diag/src/usb_device.o
 .bss.ep1_in_buf
                0x00000000200001e0       0x40 .pio/build/ch32x035f8u6_evt_r0_usb_ram_trace_diag/src/usb_device.o
 .bss.ep0_buf   0x0000000020000220       0x40 .pio/build/ch32x035f8u6_evt_r0_usb_ram_trace_diag/src/usb_device.o
 .bss.usb_trace_buffer
                0x0000000020000260      0x600 .pio/build/ch32x035f8u6_evt_r0_usb_ram_trace_diag/src/usb_trace.o
                0x0000000020000260                usb_trace_buffer
 *(COMMON)
                0x0000000020000860                . = ALIGN (0x4)
                0x0000000020000860                PROVIDE (_ebss = .)
                0x0000000020000860                PROVIDE (_end = _ebss)
                [!provide]                        PROVIDE (end = .)

.stack          0x00000000200047f0      0x800
                0x00000000200047f0                PROVIDE (_heap_end = .)
                0x00000000200047f0                . = ALIGN (0x4)
                [!provide]                        PROVIDE (_susrstack = .)
                0x0000000020004ff0                . = (. + __stack_size)
 *fill*         0x00000000200047f0      0x800 
                0x0000000020004ff0                PROVIDE (_eusrstack = .)
OUTPUT(.pio/build/ch32x035f8u6_evt_r0_usb_ram_trace_diag/firmware.elf elf32-littleriscv)

.riscv.attributes
                0x0000000000000000       0x3a
 .riscv.attributes
                0x0000000000000000       0x38 .pio/build/ch32x035f8u6_evt_r0_usb_ram_trace_diag/ProjectStartup/startup_ch32x035.o
 .riscv.attributes
                0x0000000000000038       0x3a .pio/build/ch32x035f8u6_evt_r0_usb_ram_trace_diag/FrameworkNoneOSSSystem/system_ch32x035.o
 .riscv.attributes
                0x0000000000000072       0x3a .pio/build/ch32x035f8u6_evt_r0_usb_ram_trace_diag/FrameworkInitFini/cpp_support.o
 .riscv.attributes
                0x00000000000000ac       0x3a .pio/build/ch32x035f8u6_evt_r0_usb_ram_trace_diag/src/failsafe.o
 .riscv.attributes
                0x00000000000000e6       0x3a .pio/build/ch32x035f8u6_evt_r0_usb_ram_trace_diag/src/fan_controller.o
 .riscv.attributes
                0x0000000000000120       0x3a .pio/build/ch32x035f8u6_evt_r0_usb_ram_trace_diag/src/fan_pwm.o
 .riscv.attributes
                0x000000000000015a       0x3a .pio/build/ch32x035f8u6_evt_r0_usb_ram_trace_diag/src/fan_tach.o
 .riscv.attributes
                0x0000000000000194       0x3a .pio/build/ch32x035f8u6_evt_r0_usb_ram_trace_diag/src/main.o
 .riscv.attributes
                0x00000000000001ce       0x3a .pio/build/ch32x035f8u6_evt_r0_usb_ram_trace_diag/src/power_monitor.o
 .riscv.attributes
                0x0000000000000208       0x3a .pio/build/ch32x035f8u6_evt_r0_usb_ram_trace_diag/src/system_dfu.o
 .riscv.attributes
                0x0000000000000242       0x3a .pio/build/ch32x035f8u6_evt_r0_usb_ram_trace_diag/src/system_status.o
 .riscv.attributes
                0x000000000000027c       0x3a .pio/build/ch32x035f8u6_evt_r0_usb_ram_trace_diag/src/usb_device.o
 .riscv.attributes
                0x00000000000002b6       0x3a .pio/build/ch32x035f8u6_evt_r0_usb_ram_trace_diag/src/usb_protocol.o
 .riscv.attributes
                0x00000000000002f0       0x3a .pio/build/ch32x035f8u6_evt_r0_usb_ram_trace_diag/src/usb_trace.o
 .riscv.attributes
                0x000000000000032a       0x3a .pio/build/ch32x035f8u6_evt_r0_usb_ram_trace_diag/libFrameworkNoneOSVariant.a(ch32x035_exti.o)
 .riscv.attributes
                0x0000000000000364       0x3a .pio/build/ch32x035f8u6_evt_r0_usb_ram_trace_diag/libFrameworkNoneOSVariant.a(ch32x035_gpio.o)
 .riscv.attributes
                0x000000000000039e       0x3a .pio/build/ch32x035f8u6_evt_r0_usb_ram_trace_diag/libFrameworkNoneOSVariant.a(ch32x035_rcc.o)
 .riscv.attributes
                0x00000000000003d8       0x3a .pio/build/ch32x035f8u6_evt_r0_usb_ram_trace_diag/libFrameworkNoneOSVariant.a(ch32x035_tim.o)
 .riscv.attributes
                0x0000000000000412       0x38 /Users/tangyujie/.platformio/packages/toolchain-riscv/bin/../lib/gcc/riscv-wch-elf/12.2.0/rv32imac_xw/ilp32/libgcc.a(save-restore.o)
 .riscv.attributes
                0x000000000000044a       0x38 /Users/tangyujie/.platformio/packages/toolchain-riscv/bin/../lib/gcc/riscv-wch-elf/12.2.0/../../../../riscv-wch-elf/lib/rv32imac_xw/ilp32/libg_nano.a(lib_a-memcpy-asm.o)
 .riscv.attributes
                0x0000000000000482       0x38 /Users/tangyujie/.platformio/packages/toolchain-riscv/bin/../lib/gcc/riscv-wch-elf/12.2.0/../../../../riscv-wch-elf/lib/rv32imac_xw/ilp32/libg_nano.a(lib_a-memset.o)

.comment        0x0000000000000000       0x32
 .comment       0x0000000000000000       0x32 .pio/build/ch32x035f8u6_evt_r0_usb_ram_trace_diag/FrameworkNoneOSSSystem/system_ch32x035.o
                                         0x33 (size before relaxing)
 .comment       0x0000000000000032       0x33 .pio/build/ch32x035f8u6_evt_r0_usb_ram_trace_diag/FrameworkInitFini/cpp_support.o
 .comment       0x0000000000000032       0x33 .pio/build/ch32x035f8u6_evt_r0_usb_ram_trace_diag/src/failsafe.o
 .comment       0x0000000000000032       0x33 .pio/build/ch32x035f8u6_evt_r0_usb_ram_trace_diag/src/fan_controller.o
 .comment       0x0000000000000032       0x33 .pio/build/ch32x035f8u6_evt_r0_usb_ram_trace_diag/src/fan_pwm.o
 .comment       0x0000000000000032       0x33 .pio/build/ch32x035f8u6_evt_r0_usb_ram_trace_diag/src/fan_tach.o
 .comment       0x0000000000000032       0x33 .pio/build/ch32x035f8u6_evt_r0_usb_ram_trace_diag/src/main.o
 .comment       0x0000000000000032       0x33 .pio/build/ch32x035f8u6_evt_r0_usb_ram_trace_diag/src/power_monitor.o
 .comment       0x0000000000000032       0x33 .pio/build/ch32x035f8u6_evt_r0_usb_ram_trace_diag/src/system_dfu.o
 .comment       0x0000000000000032       0x33 .pio/build/ch32x035f8u6_evt_r0_usb_ram_trace_diag/src/system_status.o
 .comment       0x0000000000000032       0x33 .pio/build/ch32x035f8u6_evt_r0_usb_ram_trace_diag/src/usb_device.o
 .comment       0x0000000000000032       0x33 .pio/build/ch32x035f8u6_evt_r0_usb_ram_trace_diag/src/usb_protocol.o
 .comment       0x0000000000000032       0x33 .pio/build/ch32x035f8u6_evt_r0_usb_ram_trace_diag/src/usb_trace.o
 .comment       0x0000000000000032       0x33 .pio/build/ch32x035f8u6_evt_r0_usb_ram_trace_diag/libFrameworkNoneOSVariant.a(ch32x035_exti.o)
 .comment       0x0000000000000032       0x33 .pio/build/ch32x035f8u6_evt_r0_usb_ram_trace_diag/libFrameworkNoneOSVariant.a(ch32x035_gpio.o)
 .comment       0x0000000000000032       0x33 .pio/build/ch32x035f8u6_evt_r0_usb_ram_trace_diag/libFrameworkNoneOSVariant.a(ch32x035_rcc.o)
 .comment       0x0000000000000032       0x33 .pio/build/ch32x035f8u6_evt_r0_usb_ram_trace_diag/libFrameworkNoneOSVariant.a(ch32x035_tim.o)

.debug_line     0x0000000000000000     0x8d5e
 .debug_line    0x0000000000000000      0x118 .pio/build/ch32x035f8u6_evt_r0_usb_ram_trace_diag/ProjectStartup/startup_ch32x035.o
 .debug_line    0x0000000000000118      0x1d6 .pio/build/ch32x035f8u6_evt_r0_usb_ram_trace_diag/FrameworkNoneOSSSystem/system_ch32x035.o
 .debug_line    0x00000000000002ee       0x62 .pio/build/ch32x035f8u6_evt_r0_usb_ram_trace_diag/FrameworkInitFini/cpp_support.o
 .debug_line    0x0000000000000350      0x3ad .pio/build/ch32x035f8u6_evt_r0_usb_ram_trace_diag/src/failsafe.o
 .debug_line    0x00000000000006fd      0x31a .pio/build/ch32x035f8u6_evt_r0_usb_ram_trace_diag/src/fan_controller.o
 .debug_line    0x0000000000000a17      0x2fe .pio/build/ch32x035f8u6_evt_r0_usb_ram_trace_diag/src/fan_pwm.o
 .debug_line    0x0000000000000d15      0x3c6 .pio/build/ch32x035f8u6_evt_r0_usb_ram_trace_diag/src/fan_tach.o
 .debug_line    0x00000000000010db      0x15f .pio/build/ch32x035f8u6_evt_r0_usb_ram_trace_diag/src/main.o
 .debug_line    0x000000000000123a       0xa0 .pio/build/ch32x035f8u6_evt_r0_usb_ram_trace_diag/src/power_monitor.o
 .debug_line    0x00000000000012da       0xd6 .pio/build/ch32x035f8u6_evt_r0_usb_ram_trace_diag/src/system_dfu.o
 .debug_line    0x00000000000013b0      0x310 .pio/build/ch32x035f8u6_evt_r0_usb_ram_trace_diag/src/system_status.o
 .debug_line    0x00000000000016c0     0x1c01 .pio/build/ch32x035f8u6_evt_r0_usb_ram_trace_diag/src/usb_device.o
 .debug_line    0x00000000000032c1      0xb81 .pio/build/ch32x035f8u6_evt_r0_usb_ram_trace_diag/src/usb_protocol.o
 .debug_line    0x0000000000003e42      0x3cd .pio/build/ch32x035f8u6_evt_r0_usb_ram_trace_diag/src/usb_trace.o
 .debug_line    0x000000000000420f      0x408 .pio/build/ch32x035f8u6_evt_r0_usb_ram_trace_diag/libFrameworkNoneOSVariant.a(ch32x035_exti.o)
 .debug_line    0x0000000000004617     0x105f .pio/build/ch32x035f8u6_evt_r0_usb_ram_trace_diag/libFrameworkNoneOSVariant.a(ch32x035_gpio.o)
 .debug_line    0x0000000000005676      0x5e0 .pio/build/ch32x035f8u6_evt_r0_usb_ram_trace_diag/libFrameworkNoneOSVariant.a(ch32x035_rcc.o)
 .debug_line    0x0000000000005c56     0x3108 .pio/build/ch32x035f8u6_evt_r0_usb_ram_trace_diag/libFrameworkNoneOSVariant.a(ch32x035_tim.o)

.debug_line_str
                0x0000000000000000      0x770
 .debug_line_str
                0x0000000000000000       0x68 .pio/build/ch32x035f8u6_evt_r0_usb_ram_trace_diag/ProjectStartup/startup_ch32x035.o
                                         0x7b (size before relaxing)
 .debug_line_str
                0x0000000000000068      0x1d8 .pio/build/ch32x035f8u6_evt_r0_usb_ram_trace_diag/FrameworkNoneOSSSystem/system_ch32x035.o
                                        0x28d (size before relaxing)
 .debug_line_str
                0x0000000000000240       0xa4 .pio/build/ch32x035f8u6_evt_r0_usb_ram_trace_diag/FrameworkInitFini/cpp_support.o
                                        0x146 (size before relaxing)
 .debug_line_str
                0x00000000000002e4       0x3b .pio/build/ch32x035f8u6_evt_r0_usb_ram_trace_diag/src/failsafe.o
                                        0x1a2 (size before relaxing)
 .debug_line_str
                0x000000000000031f       0x2a .pio/build/ch32x035f8u6_evt_r0_usb_ram_trace_diag/src/fan_controller.o
                                        0x1ae (size before relaxing)
 .debug_line_str
                0x0000000000000349       0x96 .pio/build/ch32x035f8u6_evt_r0_usb_ram_trace_diag/src/fan_pwm.o
                                        0x2b6 (size before relaxing)
 .debug_line_str
                0x00000000000003df       0x1f .pio/build/ch32x035f8u6_evt_r0_usb_ram_trace_diag/src/fan_tach.o
                                        0x271 (size before relaxing)
 .debug_line_str
                0x00000000000003fe       0x28 .pio/build/ch32x035f8u6_evt_r0_usb_ram_trace_diag/src/main.o
                                        0x160 (size before relaxing)
 .debug_line_str
                0x0000000000000426       0x14 .pio/build/ch32x035f8u6_evt_r0_usb_ram_trace_diag/src/power_monitor.o
                                         0xbe (size before relaxing)
 .debug_line_str
                0x000000000000043a       0x11 .pio/build/ch32x035f8u6_evt_r0_usb_ram_trace_diag/src/system_dfu.o
                                        0x1e7 (size before relaxing)
 .debug_line_str
                0x000000000000044b       0x14 .pio/build/ch32x035f8u6_evt_r0_usb_ram_trace_diag/src/system_status.o
                                        0x2de (size before relaxing)
 .debug_line_str
                0x000000000000045f       0xfd .pio/build/ch32x035f8u6_evt_r0_usb_ram_trace_diag/src/usb_device.o
                                        0x371 (size before relaxing)
 .debug_line_str
                0x000000000000055c       0x13 .pio/build/ch32x035f8u6_evt_r0_usb_ram_trace_diag/src/usb_protocol.o
                                        0x1e5 (size before relaxing)
 .debug_line_str
                0x000000000000056f       0x10 .pio/build/ch32x035f8u6_evt_r0_usb_ram_trace_diag/src/usb_trace.o
                                        0x1e7 (size before relaxing)
 .debug_line_str
                0x000000000000057f       0xbe .pio/build/ch32x035f8u6_evt_r0_usb_ram_trace_diag/libFrameworkNoneOSVariant.a(ch32x035_exti.o)
                                        0x2ef (size before relaxing)
 .debug_line_str
                0x000000000000063d       0x67 .pio/build/ch32x035f8u6_evt_r0_usb_ram_trace_diag/libFrameworkNoneOSVariant.a(ch32x035_gpio.o)
                                        0x2fe (size before relaxing)
 .debug_line_str
                0x00000000000006a4       0x66 .pio/build/ch32x035f8u6_evt_r0_usb_ram_trace_diag/libFrameworkNoneOSVariant.a(ch32x035_rcc.o)
                                        0x2eb (size before relaxing)
 .debug_line_str
                0x000000000000070a       0x66 .pio/build/ch32x035f8u6_evt_r0_usb_ram_trace_diag/libFrameworkNoneOSVariant.a(ch32x035_tim.o)
                                        0x2fa (size before relaxing)

.debug_info     0x0000000000000000     0x8359
 .debug_info    0x0000000000000000       0x23 .pio/build/ch32x035f8u6_evt_r0_usb_ram_trace_diag/ProjectStartup/startup_ch32x035.o
 .debug_info    0x0000000000000023      0x278 .pio/build/ch32x035f8u6_evt_r0_usb_ram_trace_diag/FrameworkNoneOSSSystem/system_ch32x035.o
 .debug_info    0x000000000000029b       0x47 .pio/build/ch32x035f8u6_evt_r0_usb_ram_trace_diag/FrameworkInitFini/cpp_support.o
 .debug_info    0x00000000000002e2      0x2e2 .pio/build/ch32x035f8u6_evt_r0_usb_ram_trace_diag/src/failsafe.o
 .debug_info    0x00000000000005c4      0x330 .pio/build/ch32x035f8u6_evt_r0_usb_ram_trace_diag/src/fan_controller.o
 .debug_info    0x00000000000008f4      0x855 .pio/build/ch32x035f8u6_evt_r0_usb_ram_trace_diag/src/fan_pwm.o
 .debug_info    0x0000000000001149      0x864 .pio/build/ch32x035f8u6_evt_r0_usb_ram_trace_diag/src/fan_tach.o
 .debug_info    0x00000000000019ad      0x1a0 .pio/build/ch32x035f8u6_evt_r0_usb_ram_trace_diag/src/main.o
 .debug_info    0x0000000000001b4d       0xc3 .pio/build/ch32x035f8u6_evt_r0_usb_ram_trace_diag/src/power_monitor.o
 .debug_info    0x0000000000001c10      0x316 .pio/build/ch32x035f8u6_evt_r0_usb_ram_trace_diag/src/system_dfu.o
 .debug_info    0x0000000000001f26      0x6f8 .pio/build/ch32x035f8u6_evt_r0_usb_ram_trace_diag/src/system_status.o
 .debug_info    0x000000000000261e     0x1c58 .pio/build/ch32x035f8u6_evt_r0_usb_ram_trace_diag/src/usb_device.o
 .debug_info    0x0000000000004276      0x8e1 .pio/build/ch32x035f8u6_evt_r0_usb_ram_trace_diag/src/usb_protocol.o
 .debug_info    0x0000000000004b57      0x6ce .pio/build/ch32x035f8u6_evt_r0_usb_ram_trace_diag/src/usb_trace.o
 .debug_info    0x0000000000005225      0x338 .pio/build/ch32x035f8u6_evt_r0_usb_ram_trace_diag/libFrameworkNoneOSVariant.a(ch32x035_exti.o)
 .debug_info    0x000000000000555d      0x8cb .pio/build/ch32x035f8u6_evt_r0_usb_ram_trace_diag/libFrameworkNoneOSVariant.a(ch32x035_gpio.o)
 .debug_info    0x0000000000005e28      0x49f .pio/build/ch32x035f8u6_evt_r0_usb_ram_trace_diag/libFrameworkNoneOSVariant.a(ch32x035_rcc.o)
 .debug_info    0x00000000000062c7     0x2092 .pio/build/ch32x035f8u6_evt_r0_usb_ram_trace_diag/libFrameworkNoneOSVariant.a(ch32x035_tim.o)

.debug_abbrev   0x0000000000000000     0x2088
 .debug_abbrev  0x0000000000000000       0x12 .pio/build/ch32x035f8u6_evt_r0_usb_ram_trace_diag/ProjectStartup/startup_ch32x035.o
 .debug_abbrev  0x0000000000000012      0x141 .pio/build/ch32x035f8u6_evt_r0_usb_ram_trace_diag/FrameworkNoneOSSSystem/system_ch32x035.o
 .debug_abbrev  0x0000000000000153       0x43 .pio/build/ch32x035f8u6_evt_r0_usb_ram_trace_diag/FrameworkInitFini/cpp_support.o
 .debug_abbrev  0x0000000000000196      0x195 .pio/build/ch32x035f8u6_evt_r0_usb_ram_trace_diag/src/failsafe.o
 .debug_abbrev  0x000000000000032b      0x238 .pio/build/ch32x035f8u6_evt_r0_usb_ram_trace_diag/src/fan_controller.o
 .debug_abbrev  0x0000000000000563      0x216 .pio/build/ch32x035f8u6_evt_r0_usb_ram_trace_diag/src/fan_pwm.o
 .debug_abbrev  0x0000000000000779      0x222 .pio/build/ch32x035f8u6_evt_r0_usb_ram_trace_diag/src/fan_tach.o
 .debug_abbrev  0x000000000000099b       0x7c .pio/build/ch32x035f8u6_evt_r0_usb_ram_trace_diag/src/main.o
 .debug_abbrev  0x0000000000000a17       0x71 .pio/build/ch32x035f8u6_evt_r0_usb_ram_trace_diag/src/power_monitor.o
 .debug_abbrev  0x0000000000000a88      0x132 .pio/build/ch32x035f8u6_evt_r0_usb_ram_trace_diag/src/system_dfu.o
 .debug_abbrev  0x0000000000000bba      0x210 .pio/build/ch32x035f8u6_evt_r0_usb_ram_trace_diag/src/system_status.o
 .debug_abbrev  0x0000000000000dca      0x4cf .pio/build/ch32x035f8u6_evt_r0_usb_ram_trace_diag/src/usb_device.o
 .debug_abbrev  0x0000000000001299      0x2fb .pio/build/ch32x035f8u6_evt_r0_usb_ram_trace_diag/src/usb_protocol.o
 .debug_abbrev  0x0000000000001594      0x1e2 .pio/build/ch32x035f8u6_evt_r0_usb_ram_trace_diag/src/usb_trace.o
 .debug_abbrev  0x0000000000001776      0x17c .pio/build/ch32x035f8u6_evt_r0_usb_ram_trace_diag/libFrameworkNoneOSVariant.a(ch32x035_exti.o)
 .debug_abbrev  0x00000000000018f2      0x247 .pio/build/ch32x035f8u6_evt_r0_usb_ram_trace_diag/libFrameworkNoneOSVariant.a(ch32x035_gpio.o)
 .debug_abbrev  0x0000000000001b39      0x1fa .pio/build/ch32x035f8u6_evt_r0_usb_ram_trace_diag/libFrameworkNoneOSVariant.a(ch32x035_rcc.o)
 .debug_abbrev  0x0000000000001d33      0x355 .pio/build/ch32x035f8u6_evt_r0_usb_ram_trace_diag/libFrameworkNoneOSVariant.a(ch32x035_tim.o)

.debug_aranges  0x0000000000000000      0x7e8
 .debug_aranges
                0x0000000000000000       0x30 .pio/build/ch32x035f8u6_evt_r0_usb_ram_trace_diag/ProjectStartup/startup_ch32x035.o
 .debug_aranges
                0x0000000000000030       0x28 .pio/build/ch32x035f8u6_evt_r0_usb_ram_trace_diag/FrameworkNoneOSSSystem/system_ch32x035.o
 .debug_aranges
                0x0000000000000058       0x28 .pio/build/ch32x035f8u6_evt_r0_usb_ram_trace_diag/FrameworkInitFini/cpp_support.o
 .debug_aranges
                0x0000000000000080       0x58 .pio/build/ch32x035f8u6_evt_r0_usb_ram_trace_diag/src/failsafe.o
 .debug_aranges
                0x00000000000000d8       0x70 .pio/build/ch32x035f8u6_evt_r0_usb_ram_trace_diag/src/fan_controller.o
 .debug_aranges
                0x0000000000000148       0x30 .pio/build/ch32x035f8u6_evt_r0_usb_ram_trace_diag/src/fan_pwm.o
 .debug_aranges
                0x0000000000000178       0x40 .pio/build/ch32x035f8u6_evt_r0_usb_ram_trace_diag/src/fan_tach.o
 .debug_aranges
                0x00000000000001b8       0x30 .pio/build/ch32x035f8u6_evt_r0_usb_ram_trace_diag/src/main.o
 .debug_aranges
                0x00000000000001e8       0x30 .pio/build/ch32x035f8u6_evt_r0_usb_ram_trace_diag/src/power_monitor.o
 .debug_aranges
                0x0000000000000218       0x20 .pio/build/ch32x035f8u6_evt_r0_usb_ram_trace_diag/src/system_dfu.o
 .debug_aranges
                0x0000000000000238       0x40 .pio/build/ch32x035f8u6_evt_r0_usb_ram_trace_diag/src/system_status.o
 .debug_aranges
                0x0000000000000278       0x80 .pio/build/ch32x035f8u6_evt_r0_usb_ram_trace_diag/src/usb_device.o
 .debug_aranges
                0x00000000000002f8       0x38 .pio/build/ch32x035f8u6_evt_r0_usb_ram_trace_diag/src/usb_protocol.o
 .debug_aranges
                0x0000000000000330       0x40 .pio/build/ch32x035f8u6_evt_r0_usb_ram_trace_diag/src/usb_trace.o
 .debug_aranges
                0x0000000000000370       0x58 .pio/build/ch32x035f8u6_evt_r0_usb_ram_trace_diag/libFrameworkNoneOSVariant.a(ch32x035_exti.o)
 .debug_aranges
                0x00000000000003c8       0x98 .pio/build/ch32x035f8u6_evt_r0_usb_ram_trace_diag/libFrameworkNoneOSVariant.a(ch32x035_gpio.o)
 .debug_aranges
                0x0000000000000460       0x88 .pio/build/ch32x035f8u6_evt_r0_usb_ram_trace_diag/libFrameworkNoneOSVariant.a(ch32x035_rcc.o)
 .debug_aranges
                0x00000000000004e8      0x300 .pio/build/ch32x035f8u6_evt_r0_usb_ram_trace_diag/libFrameworkNoneOSVariant.a(ch32x035_tim.o)

.debug_str      0x0000000000000000     0x3350
 .debug_str     0x0000000000000000       0x74 .pio/build/ch32x035f8u6_evt_r0_usb_ram_trace_diag/ProjectStartup/startup_ch32x035.o
 .debug_str     0x0000000000000074      0x21a .pio/build/ch32x035f8u6_evt_r0_usb_ram_trace_diag/FrameworkNoneOSSSystem/system_ch32x035.o
                                        0x28a (size before relaxing)
 .debug_str     0x000000000000028e        0x6 .pio/build/ch32x035f8u6_evt_r0_usb_ram_trace_diag/FrameworkInitFini/cpp_support.o
                                         0xd1 (size before relaxing)
 .debug_str     0x0000000000000294      0x18f .pio/build/ch32x035f8u6_evt_r0_usb_ram_trace_diag/src/failsafe.o
                                        0x31f (size before relaxing)
 .debug_str     0x0000000000000423      0x15a .pio/build/ch32x035f8u6_evt_r0_usb_ram_trace_diag/src/fan_controller.o
                                        0x349 (size before relaxing)
 .debug_str     0x000000000000057d      0x432 .pio/build/ch32x035f8u6_evt_r0_usb_ram_trace_diag/src/fan_pwm.o
                                        0x62a (size before relaxing)
 .debug_str     0x00000000000009af      0x466 .pio/build/ch32x035f8u6_evt_r0_usb_ram_trace_diag/src/fan_tach.o
                                        0x7c9 (size before relaxing)
 .debug_str     0x0000000000000e15       0xbd .pio/build/ch32x035f8u6_evt_r0_usb_ram_trace_diag/src/main.o
                                        0x27d (size before relaxing)
 .debug_str     0x0000000000000ed2       0x18 .pio/build/ch32x035f8u6_evt_r0_usb_ram_trace_diag/src/power_monitor.o
                                        0x19a (size before relaxing)
 .debug_str     0x0000000000000eea       0x24 .pio/build/ch32x035f8u6_evt_r0_usb_ram_trace_diag/src/system_dfu.o
                                        0x272 (size before relaxing)
 .debug_str     0x0000000000000f0e      0x10e .pio/build/ch32x035f8u6_evt_r0_usb_ram_trace_diag/src/system_status.o
                                        0x762 (size before relaxing)
 .debug_str     0x000000000000101c     0x12d9 .pio/build/ch32x035f8u6_evt_r0_usb_ram_trace_diag/src/usb_device.o
                                       0x19f2 (size before relaxing)
 .debug_str     0x00000000000022f5      0x1d1 .pio/build/ch32x035f8u6_evt_r0_usb_ram_trace_diag/src/usb_protocol.o
                                        0x60f (size before relaxing)
 .debug_str     0x00000000000024c6       0xa3 .pio/build/ch32x035f8u6_evt_r0_usb_ram_trace_diag/src/usb_trace.o
                                        0x4cb (size before relaxing)
 .debug_str     0x0000000000002569       0xa4 .pio/build/ch32x035f8u6_evt_r0_usb_ram_trace_diag/libFrameworkNoneOSVariant.a(ch32x035_exti.o)
                                        0x34b (size before relaxing)
 .debug_str     0x000000000000260d      0x1ea .pio/build/ch32x035f8u6_evt_r0_usb_ram_trace_diag/libFrameworkNoneOSVariant.a(ch32x035_gpio.o)
                                        0x50a (size before relaxing)
 .debug_str     0x00000000000027f7      0x176 .pio/build/ch32x035f8u6_evt_r0_usb_ram_trace_diag/libFrameworkNoneOSVariant.a(ch32x035_rcc.o)
                                        0x40f (size before relaxing)
 .debug_str     0x000000000000296d      0x9e3 .pio/build/ch32x035f8u6_evt_r0_usb_ram_trace_diag/libFrameworkNoneOSVariant.a(ch32x035_tim.o)
                                        0xf3f (size before relaxing)

.debug_rnglists
                0x0000000000000000      0x9e6
 .debug_rnglists
                0x0000000000000000       0x20 .pio/build/ch32x035f8u6_evt_r0_usb_ram_trace_diag/ProjectStartup/startup_ch32x035.o
 .debug_rnglists
                0x0000000000000020       0x1f .pio/build/ch32x035f8u6_evt_r0_usb_ram_trace_diag/FrameworkNoneOSSSystem/system_ch32x035.o
 .debug_rnglists
                0x000000000000003f       0x1f .pio/build/ch32x035f8u6_evt_r0_usb_ram_trace_diag/FrameworkInitFini/cpp_support.o
 .debug_rnglists
                0x000000000000005e       0x68 .pio/build/ch32x035f8u6_evt_r0_usb_ram_trace_diag/src/failsafe.o
 .debug_rnglists
                0x00000000000000c6       0x83 .pio/build/ch32x035f8u6_evt_r0_usb_ram_trace_diag/src/fan_controller.o
 .debug_rnglists
                0x0000000000000149       0x28 .pio/build/ch32x035f8u6_evt_r0_usb_ram_trace_diag/src/fan_pwm.o
 .debug_rnglists
                0x0000000000000171       0x3a .pio/build/ch32x035f8u6_evt_r0_usb_ram_trace_diag/src/fan_tach.o
 .debug_rnglists
                0x00000000000001ab       0x28 .pio/build/ch32x035f8u6_evt_r0_usb_ram_trace_diag/src/main.o
 .debug_rnglists
                0x00000000000001d3       0x28 .pio/build/ch32x035f8u6_evt_r0_usb_ram_trace_diag/src/power_monitor.o
 .debug_rnglists
                0x00000000000001fb       0x16 .pio/build/ch32x035f8u6_evt_r0_usb_ram_trace_diag/src/system_dfu.o
 .debug_rnglists
                0x0000000000000211       0x3a .pio/build/ch32x035f8u6_evt_r0_usb_ram_trace_diag/src/system_status.o
 .debug_rnglists
                0x000000000000024b      0x105 .pio/build/ch32x035f8u6_evt_r0_usb_ram_trace_diag/src/usb_device.o
 .debug_rnglists
                0x0000000000000350      0x167 .pio/build/ch32x035f8u6_evt_r0_usb_ram_trace_diag/src/usb_protocol.o
 .debug_rnglists
                0x00000000000004b7       0x3a .pio/build/ch32x035f8u6_evt_r0_usb_ram_trace_diag/src/usb_trace.o
 .debug_rnglists
                0x00000000000004f1       0x55 .pio/build/ch32x035f8u6_evt_r0_usb_ram_trace_diag/libFrameworkNoneOSVariant.a(ch32x035_exti.o)
 .debug_rnglists
                0x0000000000000546       0x9d .pio/build/ch32x035f8u6_evt_r0_usb_ram_trace_diag/libFrameworkNoneOSVariant.a(ch32x035_gpio.o)
 .debug_rnglists
                0x00000000000005e3       0x8b .pio/build/ch32x035f8u6_evt_r0_usb_ram_trace_diag/libFrameworkNoneOSVariant.a(ch32x035_rcc.o)
 .debug_rnglists
                0x000000000000066e      0x378 .pio/build/ch32x035f8u6_evt_r0_usb_ram_trace_diag/libFrameworkNoneOSVariant.a(ch32x035_tim.o)

.debug_loclists
                0x0000000000000000     0x28e9
 .debug_loclists
                0x0000000000000000       0x24 .pio/build/ch32x035f8u6_evt_r0_usb_ram_trace_diag/FrameworkNoneOSSSystem/system_ch32x035.o
 .debug_loclists
                0x0000000000000024       0xb7 .pio/build/ch32x035f8u6_evt_r0_usb_ram_trace_diag/src/failsafe.o
 .debug_loclists
                0x00000000000000db       0x96 .pio/build/ch32x035f8u6_evt_r0_usb_ram_trace_diag/src/fan_controller.o
 .debug_loclists
                0x0000000000000171       0x44 .pio/build/ch32x035f8u6_evt_r0_usb_ram_trace_diag/src/fan_pwm.o
 .debug_loclists
                0x00000000000001b5       0x31 .pio/build/ch32x035f8u6_evt_r0_usb_ram_trace_diag/src/fan_tach.o
 .debug_loclists
                0x00000000000001e6       0x33 .pio/build/ch32x035f8u6_evt_r0_usb_ram_trace_diag/src/system_status.o
 .debug_loclists
                0x0000000000000219      0x4ea .pio/build/ch32x035f8u6_evt_r0_usb_ram_trace_diag/src/usb_device.o
 .debug_loclists
                0x0000000000000703      0x35e .pio/build/ch32x035f8u6_evt_r0_usb_ram_trace_diag/src/usb_protocol.o
 .debug_loclists
                0x0000000000000a61       0x94 .pio/build/ch32x035f8u6_evt_r0_usb_ram_trace_diag/src/usb_trace.o
 .debug_loclists
                0x0000000000000af5      0x118 .pio/build/ch32x035f8u6_evt_r0_usb_ram_trace_diag/libFrameworkNoneOSVariant.a(ch32x035_exti.o)
 .debug_loclists
                0x0000000000000c0d      0x85e .pio/build/ch32x035f8u6_evt_r0_usb_ram_trace_diag/libFrameworkNoneOSVariant.a(ch32x035_gpio.o)
 .debug_loclists
                0x000000000000146b      0x24f .pio/build/ch32x035f8u6_evt_r0_usb_ram_trace_diag/libFrameworkNoneOSVariant.a(ch32x035_rcc.o)
 .debug_loclists
                0x00000000000016ba     0x122f .pio/build/ch32x035f8u6_evt_r0_usb_ram_trace_diag/libFrameworkNoneOSVariant.a(ch32x035_tim.o)

.debug_frame    0x0000000000000000      0xf58
 .debug_frame   0x0000000000000000       0x30 .pio/build/ch32x035f8u6_evt_r0_usb_ram_trace_diag/FrameworkNoneOSSSystem/system_ch32x035.o
 .debug_frame   0x0000000000000030       0x30 .pio/build/ch32x035f8u6_evt_r0_usb_ram_trace_diag/FrameworkInitFini/cpp_support.o
 .debug_frame   0x0000000000000060       0xc4 .pio/build/ch32x035f8u6_evt_r0_usb_ram_trace_diag/src/failsafe.o
 .debug_frame   0x0000000000000124       0xcc .pio/build/ch32x035f8u6_evt_r0_usb_ram_trace_diag/src/fan_controller.o
 .debug_frame   0x00000000000001f0       0x50 .pio/build/ch32x035f8u6_evt_r0_usb_ram_trace_diag/src/fan_pwm.o
 .debug_frame   0x0000000000000240       0x84 .pio/build/ch32x035f8u6_evt_r0_usb_ram_trace_diag/src/fan_tach.o
 .debug_frame   0x00000000000002c4       0x48 .pio/build/ch32x035f8u6_evt_r0_usb_ram_trace_diag/src/main.o
 .debug_frame   0x000000000000030c       0x40 .pio/build/ch32x035f8u6_evt_r0_usb_ram_trace_diag/src/power_monitor.o
 .debug_frame   0x000000000000034c       0x28 .pio/build/ch32x035f8u6_evt_r0_usb_ram_trace_diag/src/system_dfu.o
 .debug_frame   0x0000000000000374       0x70 .pio/build/ch32x035f8u6_evt_r0_usb_ram_trace_diag/src/system_status.o
 .debug_frame   0x00000000000003e4      0x17c .pio/build/ch32x035f8u6_evt_r0_usb_ram_trace_diag/src/usb_device.o
 .debug_frame   0x0000000000000560       0x88 .pio/build/ch32x035f8u6_evt_r0_usb_ram_trace_diag/src/usb_protocol.o
 .debug_frame   0x00000000000005e8       0x60 .pio/build/ch32x035f8u6_evt_r0_usb_ram_trace_diag/src/usb_trace.o
 .debug_frame   0x0000000000000648       0x90 .pio/build/ch32x035f8u6_evt_r0_usb_ram_trace_diag/libFrameworkNoneOSVariant.a(ch32x035_exti.o)
 .debug_frame   0x00000000000006d8      0x140 .pio/build/ch32x035f8u6_evt_r0_usb_ram_trace_diag/libFrameworkNoneOSVariant.a(ch32x035_gpio.o)
 .debug_frame   0x0000000000000818       0xf0 .pio/build/ch32x035f8u6_evt_r0_usb_ram_trace_diag/libFrameworkNoneOSVariant.a(ch32x035_rcc.o)
 .debug_frame   0x0000000000000908      0x650 .pio/build/ch32x035f8u6_evt_r0_usb_ram_trace_diag/libFrameworkNoneOSVariant.a(ch32x035_tim.o)
